V/BackupManagerService(  434): Starting with transport android/com.android.internal.backup.LocalTransport
V/BackupManagerService(  434): Found transports: 1
I/BackupManagerService(  434): Binding to transport host ComponentInfo{android/com.android.internal.backup.LocalTransportService}
I/BackupManagerService(  434): Found stale backup journal, scheduling
I/SystemServiceManager(  434): Starting com.android.server.appwidget.AppWidgetService
I/SystemServiceManager(  434): Starting com.android.server.voiceinteraction.VoiceInteractionManagerService
W/SoundTriggerHelper(  434): listModules status=0, # of modules=0
I/SystemServer(  434): DiskStats Service
I/SystemServer(  434): SamplingProfiler Service
I/SystemServer(  434): NetworkTimeUpdateService
I/SystemServer(  434): CommonTimeManagementService
I/SystemServer(  434): CertBlacklister
I/SystemServiceManager(  434): Starting com.android.server.dreams.DreamManagerService
I/SystemServer(  434): Assets Atlas Service
I/SystemServiceManager(  434): Starting com.android.server.print.PrintManagerService
I/SystemServiceManager(  434): Starting com.android.server.restrictions.RestrictionsManagerService
D/Atlas   (  434): Loaded configuration: SliceShortAxis (1344x1408) flags=0x2 count=410
D/        (  240): HostConnection::get() New Host Connection established 0xb5211050, tid 523
I/SystemServiceManager(  434): Starting com.android.server.media.MediaSessionService
I/SystemServer(  434): Media Router Service
I/SystemServer(  434): Genyd Service
D/GenydService(  434): GenydService startup
I/SystemServiceManager(  434): Starting com.android.server.trust.TrustManagerService
I/SystemServiceManager(  434): Starting com.android.server.fingerprint.FingerprintService
V/Fingerprint-JNI(  434): nativeInit()
V/Fingerprint-JNI(  434): nativeOpenHal()
E/Fingerprint-JNI(  434): Can't open fingerprint HW Module, error: -2
I/SystemServer(  434): BackgroundDexOptService
I/SystemServiceManager(  434): Starting com.android.server.pm.LauncherAppsService
D/        (  434): HostConnection::get() New Host Connection established 0xa3db9cc0, tid 545
I/SystemServiceManager(  434): Starting com.android.server.media.projection.MediaProjectionManagerService
I/WindowManager(  434): SAFE MODE not enabled
I/SystemServiceManager(  434): Starting com.android.server.MmsServiceBroker
E/SQLiteLog(  434): (283) recovered 18 frames from WAL file /data/system/locksettings.db-wal
I/SystemServiceManager(  434): Starting phase 480
D/libEGL  (  434): loaded /system/lib/egl/libEGL_emulation.so
D/libEGL  (  434): loaded /system/lib/egl/libGLESv1_CM_emulation.so
I/SystemServiceManager(  434): Starting phase 500
I/WifiService(  434): WifiService starting up with Wi-Fi enabled
D/WifiService(  434): setWifiEnabled: true pid=434, uid=1000
E/WifiService(  434): Invoking mWifiStateMachine.setWifiEnabled
D/WifiController(  434): WifiController msg { when=0 what=155656 target=com.android.internal.util.StateMachine$SmHandler } deferred for 499ms
D/libEGL  (  434): loaded /system/lib/egl/libGLESv2_emulation.so
D/WifiService(  434): New client listening to asynchronous messages
I/WifiScanningService(  434): Registering wifiscanner
D/WifiScanningService(  434): New client, channel: null messenger: null
I/RttService(  434): Registering rttmanager
D/WifiChangeStateMachine(  434): Entering IdleState
D/WifiScanningService(  434): DefaultState
I/ActivityManager(  434): Config changes=200 {1.0 ?mcc?mnc en_CA ldltr sw720dp w720dp h1207dp 160dpi lrg long port finger qwerty/v/v dpad/v s.5}
I/DisplayManagerService(  434): Display device changed: DisplayDeviceInfo{"Built-in Screen": 720 x 1280, 60.000004 fps, supportedRefreshRates [60.000004], density 160, 160.0 x 160.0 dpi, appVsyncOff 0, presDeadline 17666666, touch INTERNAL, rotation 0, type BUILT_IN, state ON, FLAG_DEFAULT_DISPLAY, FLAG_ROTATES_WITH_CONTENT, FLAG_SECURE, FLAG_SUPPORTS_PROTECTED_BUFFERS}
D/SurfaceFlinger(  240): Set power mode=2, type=0 flinger=0xb705e000
D/SurfaceFlinger(  240): Screen type=0 is already mode=2
I/AppOps  (  434): Pruning old package media/1013: new uid=-1
I/ActivityManager(  434): System now ready
I/SystemServer(  434): Making services ready
I/SystemServiceManager(  434): Starting phase 550
I/SystemServer(  434): WebViewFactory preparation
I/Zygote  (  434): Process: zygote socket opened, supported ABIS: x86
I/ActivityManager(  434): Start proc WebViewLoader-x86 [android.webkit.WebViewFactory$RelroFileCreator] for : pid=562 uid=1037 gids={} abi=x86
D/Atlas   (  434): Rendered atlas in 157.60ms (3.95+153.64ms)
V/WebViewFactory(  562): RelroFileCreator (64bit = false),  32-bit lib: /system/app/webview/lib/x86/libwebviewchromium.so, 64-bit lib: 
I/ActivityManager(  434): Start proc com.android.systemui for service com.android.systemui/.SystemUIService: pid=580 uid=10013 gids={50013, 9997, 1028, 1015, 1035, 3002, 3001, 3006} abi=x86
D/NetworkManagementService(  434): enabling bandwidth control
W/MountService(  434): Duplicate state transition (mounted -> mounted) for /storage/emulated/0
I/art     (  562): System.exit called, status: 0
I/AndroidRuntime(  562): VM exiting with result code 0, cleanup skipped.
V/SystemUIService(  580): Starting SystemUI services.
V/FingerprintService(  434): startListening(android.service.fingerprint.IFingerprintServiceReceiver$Stub$Proxy@2883bb70)
E/WVMExtractor(   88): Failed to open libwvm.so: dlopen failed: library "libwvm.so" not found
D/NuPlayerDriver(   88): start(0xb2e11040)
I/GenericSource(   88): start
E/SoftOMXPlugin(   88): unable to dlopen libstagefright_soft_ffmpegadec.so: dlopen failed: library "libstagefright_soft_ffmpegadec.so" not found
E/OMX     (   88): FAILED to allocate omx component 'OMX.ffmpeg.aac.decoder'
E/SoftOMXPlugin(   88): unable to dlopen libstagefright_soft_ffmpegadec.so: dlopen failed: library "libstagefright_soft_ffmpegadec.so" not found
E/OMX     (   88): FAILED to allocate omx component 'OMX.ffmpeg.wma.decoder'
E/SoftOMXPlugin(   88): unable to dlopen libstagefright_soft_ffmpegadec.so: dlopen failed: library "libstagefright_soft_ffmpegadec.so" not found
E/OMX     (   88): FAILED to allocate omx component 'OMX.ffmpeg.ra.decoder'
E/SoftOMXPlugin(   88): unable to dlopen libstagefright_soft_ffmpegadec.so: dlopen failed: library "libstagefright_soft_ffmpegadec.so" not found
E/OMX     (   88): FAILED to allocate omx component 'OMX.ffmpeg.flac.decoder'
E/SoftOMXPlugin(   88): unable to dlopen libstagefright_soft_ffmpegadec.so: dlopen failed: library "libstagefright_soft_ffmpegadec.so" not found
E/OMX     (   88): FAILED to allocate omx component 'OMX.ffmpeg.mp2.decoder'
E/SoftOMXPlugin(   88): unable to dlopen libstagefright_soft_ffmpegadec.so: dlopen failed: library "libstagefright_soft_ffmpegadec.so" not found
E/OMX     (   88): FAILED to allocate omx component 'OMX.ffmpeg.ac3.decoder'
E/SoftOMXPlugin(   88): unable to dlopen libstagefright_soft_ffmpegadec.so: dlopen failed: library "libstagefright_soft_ffmpegadec.so" not found
E/OMX     (   88): FAILED to allocate omx component 'OMX.ffmpeg.ape.decoder'
E/SoftOMXPlugin(   88): unable to dlopen libstagefright_soft_ffmpegadec.so: dlopen failed: library "libstagefright_soft_ffmpegadec.so" not found
E/OMX     (   88): FAILED to allocate omx component 'OMX.ffmpeg.dts.decoder'
E/SoftOMXPlugin(   88): unable to dlopen libstagefright_soft_ffmpegadec.so: dlopen failed: library "libstagefright_soft_ffmpegadec.so" not found
E/OMX     (   88): FAILED to allocate omx component 'OMX.ffmpeg.pcm.decoder'
E/SoftOMXPlugin(   88): unable to dlopen libstagefright_soft_ffmpegadec.so: dlopen failed: library "libstagefright_soft_ffmpegadec.so" not found
E/OMX     (   88): FAILED to allocate omx component 'OMX.ffmpeg.atrial.decoder'
E/SoftOMXPlugin(   88): unable to dlopen libstagefright_soft_ffmpegvdec.so: dlopen failed: library "libstagefright_soft_ffmpegvdec.so" not found
E/OMX     (   88): FAILED to allocate omx component 'OMX.ffmpeg.mpeg2v.decoder'
E/SoftOMXPlugin(   88): unable to dlopen libstagefright_soft_ffmpegvdec.so: dlopen failed: library "libstagefright_soft_ffmpegvdec.so" not found
E/OMX     (   88): FAILED to allocate omx component 'OMX.ffmpeg.wmv.decoder'
E/SoftOMXPlugin(   88): unable to dlopen libstagefright_soft_ffmpegvdec.so: dlopen failed: library "libstagefright_soft_ffmpegvdec.so" not found
D/PermissionMonitor(  434): Monitoring
E/OMX     (   88): FAILED to allocate omx component 'OMX.ffmpeg.rv.decoder'
E/SoftOMXPlugin(   88): unable to dlopen libstagefright_soft_ffmpegvdec.so: dlopen failed: library "libstagefright_soft_ffmpegvdec.so" not found
E/OMX     (   88): FAILED to allocate omx component 'OMX.ffmpeg.vc1.decoder'
E/SoftOMXPlugin(   88): unable to dlopen libstagefright_soft_ffmpegvdec.so: dlopen failed: library "libstagefright_soft_ffmpegvdec.so" not found
E/OMX     (   88): FAILED to allocate omx component 'OMX.ffmpeg.flv1.decoder'
E/SoftOMXPlugin(   88): unable to dlopen libstagefright_soft_ffmpegvdec.so: dlopen failed: library "libstagefright_soft_ffmpegvdec.so" not found
E/OMX     (   88): FAILED to allocate omx component 'OMX.ffmpeg.divx.decoder'
E/SoftOMXPlugin(   88): unable to dlopen libstagefright_soft_ffmpegvdec.so: dlopen failed: library "libstagefright_soft_ffmpegvdec.so" not found
E/OMX     (   88): FAILED to allocate omx component 'OMX.ffmpeg.vtrial.decoder'
D/PermissionMonitor(  434): Users: 1, Apps: 62
E/OMXNodeInstance(   88): getParameter(100663311) ERROR: 0x8000101a
E/OMXNodeInstance(   88): getParameter(100663297) ERROR: 0x8000101a
I/SystemServiceManager(  434): Starting phase 600
E/BluetoothAdapter(  434): Bluetooth binder is null
E/BluetoothAdapter(  434): Bluetooth binder is null
D/ConditionProviders(  434): onServiceAdded ManagedServiceInfo[component=ComponentInfo{android/com.android.server.notification.CountdownConditionProvider},userid=0,isSystem=true,targetSdkVersion=21,connection=null,service=android.service.notification.ConditionProviderService$Provider@13f41bc7]
D/ConditionProviders(  434): onServiceAdded ManagedServiceInfo[component=ComponentInfo{android/com.android.server.notification.DowntimeConditionProvider},userid=0,isSystem=true,targetSdkVersion=21,connection=null,service=android.service.notification.ConditionProviderService$Provider@2250a5f4]
E/OMXNodeInstance(   88): getParameter(100663311) ERROR: 0x8000101a
E/OMXNodeInstance(   88): getParameter(100663297) ERROR: 0x8000101a
I/BackupManagerService(  434): Backup enabled => false
I/BackupManagerService(  434): Opting out of backup
E/OMXNodeInstance(   88): getParameter(100663311) ERROR: 0x8000101a
E/OMXNodeInstance(   88): getParameter(100663297) ERROR: 0x8000101a
E/InputMethodManagerService(  434): Ignoring setImeWindowStatus due to an invalid token. uid:1000 token:null
E/OMXNodeInstance(   88): getParameter(100663311) ERROR: 0x8000101a
E/OMXNodeInstance(   88): getParameter(100663297) ERROR: 0x8000101a
E/OMXNodeInstance(   88): getParameter(100663311) ERROR: 0x8000101a
E/OMXNodeInstance(   88): getParameter(100663297) ERROR: 0x8000101a
E/OMXNodeInstance(   88): getParameter(100663311) ERROR: 0x8000101a
E/OMXNodeInstance(   88): getParameter(100663297) ERROR: 0x8000101a
E/OMXNodeInstance(   88): getParameter(100663311) ERROR: 0x8000101a
E/OMXNodeInstance(   88): getParameter(100663297) ERROR: 0x8000101a
D/NuPlayerDriver(   88): start(0xb3017040)
I/GenericSource(   88): start
E/OMXNodeInstance(   88): getParameter(100663311) ERROR: 0x8000101a
E/OMXNodeInstance(   88): getParameter(100663297) ERROR: 0x8000101a
E/OMXNodeInstance(   88): getParameter(100663311) ERROR: 0x8000100e
E/OMXNodeInstance(   88): getParameter(100663297) ERROR: 0x8000100e
E/OMXNodeInstance(   88): OMX_GetExtensionIndex OMX.google.android.index.storeMetaDataInBuffers failed
E/OMXNodeInstance(   88): getParameter(100663311) ERROR: 0x8000100e
E/OMXNodeInstance(   88): getParameter(100663297) ERROR: 0x8000100e
E/OMXNodeInstance(   88): OMX_GetExtensionIndex OMX.google.android.index.storeMetaDataInBuffers failed
I/ActivityManager(  434): Start proc com.android.inputmethod.latin for service com.android.inputmethod.latin/.LatinIME: pid=678 uid=10038 gids={50038, 9997, 1028, 1015} abi=x86
V/InputMethodManagerService(  434): Adding window token: android.os.Binder@16627bcb
E/OMXNodeInstance(   88): getParameter(100663311) ERROR: 0x8000100e
E/OMXNodeInstance(   88): getParameter(100663297) ERROR: 0x8000100e
E/OMXNodeInstance(   88): OMX_GetExtensionIndex OMX.google.android.index.storeMetaDataInBuffers failed
E/OMXNodeInstance(   88): getParameter(100663311) ERROR: 0x8000100e
E/OMXNodeInstance(   88): getParameter(100663297) ERROR: 0x8000100e
E/OMXNodeInstance(   88): OMX_GetExtensionIndex OMX.google.android.index.storeMetaDataInBuffers failed
E/OMXNodeInstance(   88): getParameter(100663311) ERROR: 0x8000100e
E/OMXNodeInstance(   88): getParameter(100663297) ERROR: 0x8000100e
E/OMXNodeInstance(   88): OMX_GetExtensionIndex OMX.google.android.index.storeMetaDataInBuffers failed
D/SoftHEVC(   88): Number of CPU cores: 4
D/SoftHEVC(   88): Initializing decoder
D/SoftHEVC(   88): Set number of cores to 4
D/SoftHEVC(   88): Ittiam decoder version number: @(#)Id:HEVCDEC_production Ver:04.01 Released by ITTIAM Build: Nov 14 2014 @ 00:36:14
E/OMXNodeInstance(   88): getParameter(100663311) ERROR: 0x8000100e
E/OMXNodeInstance(   88): getParameter(100663297) ERROR: 0x8000100e
E/OMXNodeInstance(   88): OMX_GetExtensionIndex OMX.google.android.index.storeMetaDataInBuffers failed
D/SoftHEVC(   88): Freeing codec memory
D/SoftHEVC(   88): Number of CPU cores: 4
D/SoftHEVC(   88): Initializing decoder
D/SoftHEVC(   88): Set number of cores to 4
D/SoftHEVC(   88): Ittiam decoder version number: @(#)Id:HEVCDEC_production Ver:04.01 Released by ITTIAM Build: Nov 14 2014 @ 00:36:14
D/SoftHEVC(   88): In SoftHEVC::~SoftHEVC
D/SoftHEVC(   88): Freeing codec memory
E/OMXNodeInstance(   88): getParameter(100663311) ERROR: 0x8000101a
E/OMXNodeInstance(   88): getParameter(100663297) ERROR: 0x8000101a
E/OMXNodeInstance(   88): getParameter(100663311) ERROR: 0x8000101a
E/OMXNodeInstance(   88): getParameter(100663297) ERROR: 0x8000101a
E/OMXNodeInstance(   88): getParameter(100663311) ERROR: 0x8000101a
E/OMXNodeInstance(   88): getParameter(100663297) ERROR: 0x8000101a
I/SoftMPEG4Encoder(   88): Construct SoftMPEG4Encoder
E/OMXNodeInstance(   88): getParameter(100663311) ERROR: 0x8000100e
W/ACodec  (   88): do not know color format 0x7f000789 = 2130708361
E/OMXNodeInstance(   88): getParameter(100663297) ERROR: 0x8000100e
I/SoftAVCEncoder(   88): Construct SoftAVCEncoder
E/OMXNodeInstance(   88): getParameter(100663311) ERROR: 0x8000100e
W/ACodec  (   88): do not know color format 0x7f000789 = 2130708361
E/OMXNodeInstance(   88): getParameter(100663297) ERROR: 0x8000100e
I/SoftMPEG4Encoder(   88): Construct SoftMPEG4Encoder
E/OMXNodeInstance(   88): getParameter(100663311) ERROR: 0x8000100e
W/ACodec  (   88): do not know color format 0x7f000789 = 2130708361
E/OMXNodeInstance(   88): getParameter(100663297) ERROR: 0x8000100e
E/OMXNodeInstance(   88): getParameter(100663311) ERROR: 0x8000101a
E/OMXNodeInstance(   88): getParameter(100663297) ERROR: 0x8000101a
E/OMXNodeInstance(   88): getParameter(100663311) ERROR: 0x8000100e
W/ACodec  (   88): do not know color format 0x7f000789 = 2130708361
E/OMXNodeInstance(   88): getParameter(100663297) ERROR: 0x8000100e
D/GpsLocationProvider(  434): Reset GPS properties, previous size = 0
D/GpsLocationProvider(  434): GpsParamsResource: SUPL_HOST=supl.google.com
D/GpsLocationProvider(  434): GpsParamsResource: SUPL_PORT=7275
D/GpsLocationProvider(  434): GpsParamsResource: NTP_SERVER=north-america.pool.ntp.org
D/GpsLocationProvider(  434): GpsParamsResource: SUPL_VER=0x20000
D/GpsLocationProvider(  434): GpsParamsResource: SUPL_MODE=1
D/GpsLocationProvider(  434): GPS properties reloaded, size = 8
E/GpsLocationProvider(  434): no AGPS interface in set_agps_server
E/GpsLocationProvider(  434): no GPS configuration interface in configuraiton_update
D/GpsLocationProvider(  434): final config = #Sun May 03 19:04:18 GMT+00:00 2015
D/GpsLocationProvider(  434): SUPL_VER=0x20000
D/GpsLocationProvider(  434): SUPL_HOST=supl.google.com
D/GpsLocationProvider(  434): XTRA_SERVER_3=http\://xtra3.gpsonextra.net/xtra.bin
D/GpsLocationProvider(  434): XTRA_SERVER_1=http\://xtra1.gpsonextra.net/xtra.bin
D/GpsLocationProvider(  434): SUPL_PORT=7276
D/GpsLocationProvider(  434): XTRA_SERVER_2=http\://xtra2.gpsonextra.net/xtra.bin
D/GpsLocationProvider(  434): NTP_SERVER=north-america.pool.ntp.org
D/GpsLocationProvider(  434): SUPL_MODE=1
W/ServiceWatcher(  434): com.google.android.gms not found
W/ServiceWatcher(  434): com.google.android.gms not found
W/LocationManagerService(  434): no network location provider found
W/ServiceWatcher(  434): com.google.android.gms not found
W/ServiceWatcher(  434): com.google.android.gms not found
E/LocationManagerService(  434): no geocoder provider found
E/FlpHardwareProvider(  434): Error hw_get_module 'flp': -2
E/LocationManagerService(  434): FLP HAL not supported
W/ServiceWatcher(  434): com.google.android.gms not found
E/LocationManagerService(  434): Unable to bind FLP Geofence proxy.
E/ActivityRecognitionHardware(  434): Error hw_get_module: -2
E/LocationManagerService(  434): Hardware Activity-Recognition not supported.
D/NuPlayerDriver(   88): reset(0xb3017040)
E/GpsLocationProvider(  434): no AGPS interface in set_agps_server
I/CommonTimeManagementService(  434): No common time service detected on this platform.  Common time services will be unavailable.
I/InputReader(  434): Reconfiguring input devices.  changes=0x00000020
D/NuPlayerDriver(   88): notifyResetComplete(0xb3017040)
I/InputReader(  434): Reconfiguring input devices.  changes=0x00000010
I/MmsServiceBroker(  434): Connecting to MmsService
W/ContextImpl(  434): Calling a method in the system process without a qualified user: android.app.ContextImpl.bindService:1758 com.android.server.MmsServiceBroker.tryConnecting:134 com.android.server.MmsServiceBroker.systemRunning:121 com.android.server.SystemServer$2.run:1190 com.android.server.am.ActivityManagerService.systemReady:11326 
D/NuPlayerDriver(   88): reset(0xb2e11040)
D/NuPlayerDriver(   88): start(0xb320c040)
I/GenericSource(   88): start
D/NuPlayerDriver(   88): notifyResetComplete(0xb2e11040)
I/LatinIME(  678): Hardware accelerated drawing: true
D/WifiController(  434): DEFERRED_TOGGLE handled
E/WifiStateMachine(  434): Failed to reload STA firmware java.lang.IllegalArgumentException: command '16 softap fwreload eth1 STA' failed with '501 16 SoftAP command has failed'
I/ActivityManager(  434): Start proc com.android.phone for service com.android.mms.service/.MmsService: pid=735 uid=1001 gids={41001, 9997, 3002, 3001, 3003, 1028, 1015} abi=x86
W/VoiceInteractionManagerService(  434): no available voice interaction services found for user 0
W/VoiceInteractionManagerService(  434): no available voice recognition services found for user 0
D/CommandListener(   84): Setting iface cfg
D/CommandListener(   84): Trying to bring down eth1
D/CommandListener(   84): Clearing all IP addresses on eth1
D/NuPlayerDriver(   88): start(0xb6150ca0)
I/GenericSource(   88): start
E/art     (  735): Failed sending reply to debugger: Broken pipe
I/art     (  735): Debugger is no longer active
I/ActivityManager(  434): Start proc com.android.server.telecom for added application com.android.server.telecom: pid=763 uid=1001 gids={41001, 9997, 3002, 3001, 3003, 1028, 1015} abi=x86
I/wpa_supplicant(  749): Successfully initialized wpa_supplicant
D/NuPlayerDriver(   88): reset(0xb320c040)
D/NuPlayerDriver(   88): notifyResetComplete(0xb320c040)
I/ActivityManager(  434): Start proc com.android.phone for added application com.android.phone: pid=786 uid=1001 gids={41001, 9997, 3002, 3001, 3003, 1028, 1015} abi=x86
I/ActivityManager(  434): START u0 {act=android.intent.action.MAIN cat=[android.intent.category.HOME] flg=0x10000000 cmp=android/com.android.internal.app.ResolverActivity} from uid 0 on display 0
D/NuPlayerDriver(   88): reset(0xb6150ca0)
D/NuPlayerDriver(   88): start(0xb3017040)
I/GenericSource(   88): start
W/ALooperRoster(   88): failed to deliver message. Target handler not registered.
D/NuPlayerDriver(   88): notifyResetComplete(0xb6150ca0)
D/NuPlayerDriver(   88): start(0xb2e11040)
I/GenericSource(   88): start
I/ActivityManager(  434): Start proc system:ui for activity android/com.android.internal.app.ResolverActivity: pid=811 uid=1000 gids={41000, 9997, 1028, 1015, 3002, 3001, 3003} abi=x86
I/SystemServer(  434): Enabled StrictMode for system server main thread.
W/art     (  434): Long monitor contention event with owner method=void com.android.server.am.ActivityManagerService.systemReady(java.lang.Runnable) from ActivityManagerService.java:11334 waiters=0 for 116ms
W/InputAttributes(  678): No editor info for this field. Bug?
D/WifiMonitor(  434): startMonitoring(eth1) with mConnected = false
D/NuPlayerDriver(   88): reset(0xb3017040)
W/ALooperRoster(   88): failed to deliver message. Target handler not registered.
D/NuPlayerDriver(   88): notifyResetComplete(0xb3017040)
D/NuPlayerDriver(   88): reset(0xb2e11040)
I/ActivityManager(  434): Start proc com.android.printspooler for service com.android.printspooler/.model.PrintSpoolerService: pid=841 uid=10050 gids={50050, 9997} abi=x86
W/ActivityManager(  434): No pending application record for pid 735 (IApplicationThread android.app.ApplicationThreadProxy@3e19f0f3); dropping process
V/ActivityManager(  434): Display changed displayId=0
V/ActivityManager(  434): Display changed displayId=0
V/ActivityManager(  434): Display changed displayId=0
D/VolumeUI(  580): Registering volume controller
I/art     (   92): Explicit concurrent mark sweep GC freed 706(30KB) AllocSpace objects, 0(0B) LOS objects, 40% free, 1816KB/2MB, paused 1.324ms total 20.492ms
I/LatinIME:LogUtils(  678): Dictionary info: dictionary = UserHistoryDictionary.en_US ; version = 1419464272 ; date = 1427991736
D/NuPlayerDriver(   88): notifyResetComplete(0xb2e11040)
D/NuPlayerDriver(   88): start(0xb320c040)
I/GenericSource(   88): start
I/art     (   92): Explicit concurrent mark sweep GC freed 8(256B) AllocSpace objects, 0(0B) LOS objects, 40% free, 1816KB/2MB, paused 72us total 9.928ms
I/art     (   92): Explicit concurrent mark sweep GC freed 5(160B) AllocSpace objects, 0(0B) LOS objects, 40% free, 1816KB/2MB, paused 88us total 5.138ms
I/ActivityManager(  434): Start proc android.process.acore for content provider com.android.providers.contacts/.CallLogProvider: pid=867 uid=10002 gids={50002, 9997, 3003, 1028, 1015} abi=x86
D/WifiScanningService(  434): SCAN_AVAILABLE : 1
D/RttService(  434): SCAN_AVAILABLE : 1
I/Choreographer(  434): Skipped 40 frames!  The application may be doing too much work on its main thread.
D/WifiScanningService(  434): DefaultState got{ when=-1ms what=160007 target=com.android.internal.util.StateMachine$SmHandler }
I/LatinIME:LogUtils(  678): Dictionary info: dictionary = PersonalizationDictionary.en_US ; version = 1430679859 ; date = ?
D/RttService(  434): DefaultState got{ when=-2ms what=160513 target=com.android.internal.util.StateMachine$SmHandler }
D/WifiConfigStore(  434): Loading config and enabling all networks 
E/BluetoothAdapter(  763): Bluetooth binder is null
W/InputMethodManagerService(  434): Focus gain on non-focused client android.view.inputmethod.InputMethodManager$1@3ead9355 (uid=1000 pid=434)
V/ActivityManager(  434): Display changed displayId=0
D/NuPlayerDriver(   88): reset(0xb320c040)
I/LatinIME:LogUtils(  678): Dictionary info: dictionary = contacts.en_US ; version = 1430679859 ; date = ?
I/LatinIME:LogUtils(  678): Dictionary info: dictionary = userunigram.en_US ; version = 1430679859 ; date = ?
I/LatinIME:LogUtils(  678): Dictionary info: dictionary = ContextualDictionary.en_US ; version = 1430679859 ; date = ?
D/NuPlayerDriver(   88): notifyResetComplete(0xb320c040)
D/ResolverActivity(  811): sinceTime=1429470259223
D/NuPlayerDriver(   88): start(0xb3017040)
I/GenericSource(   88): start
I/PrintSpoolerService(  841): No existing print spooler state.
E/WifiConfigStore(  434): Error parsing configuration: java.io.FileNotFoundException: /data/misc/wifi/ipconfig.txt: open failed: ENOENT (No such file or directory)
W/ResourcesManager(  434): Asset path '/system/framework/com.android.location.provider.jar' does not exist or contains no resources.
E/wpa_supplicant(  749): Line -1: too long model_name (len=42 max_len=32)
E/wpa_supplicant(  749): Line -1: failed to parse 'model_name=Google Nexus 4 - 5.0.0 - API 21 - 768x1280'.
E/WifiStateMachine(  434): Failed to set model name Google Nexus 4 - 5.0.0 - API 21 - 768x1280
D/GpsNetInitiatedHandler(  434): location enabled :true
V/WiredAccessoryManager(  434): init()
E/wpa_supplicant(  749): Line -1: too long model_number (len=42 max_len=32)
E/wpa_supplicant(  749): Line -1: failed to parse 'model_number=Google Nexus 4 - 5.0.0 - API 21 - 768x1280'.
E/WifiStateMachine(  434): Failed to set model number Google Nexus 4 - 5.0.0 - API 21 - 768x1280
D/NuPlayerDriver(   88): reset(0xb3017040)
D/WifiNative-HAL(  434): Setting external_sim to 1
D/WifiStateMachine(  434): Setting OUI to DA-A1-19
I/WifiNative-HAL(  434): startHal
D/MmsService(  786): onCreate
D/NuPlayerDriver(   88): notifyResetComplete(0xb3017040)
E/wifi    (  434): getStaticLongField sWifiHalHandle 0xa20eb84c
D/wifi    (  434): halHandle = 0x0, mVM = 0xb4681200, mCls = 0x10070a
I/WifiNative-HAL(  434): Could not start hal
I/WifiNative-HAL(  434): startHal
E/wifi    (  434): getStaticLongField sWifiHalHandle 0xa20eb81c
D/wifi    (  434): halHandle = 0x0, mVM = 0xb4681200, mCls = 0x30066e
I/WifiNative-HAL(  434): Could not start hal
I/MmsService(  786): MmsConfigManager.loadInBackground(): mcc/mnc: 0/0
E/MmsService(  786): MmsConfigManager.load -- empty getActiveSubInfoList
D/NuPlayerDriver(   88): start(0xb6150ca0)
I/GenericSource(   88): start
E/BluetoothAdapter(  763): Bluetooth binder is null
D/NuPlayerDriver(   88): reset(0xb6150ca0)
E/WifiStateMachine(  434): Failed to set frequency band 0
D/        (  811): HostConnection::get() New Host Connection established 0xacf8cb00, tid 811
E/native  (  434): do suspend false
D/NuPlayerDriver(   88): notifyResetComplete(0xb6150ca0)
I/StatusBarManagerService(  434): registerStatusBar bar=com.android.internal.statusbar.IStatusBar$Stub$Proxy@1735db88
D/PermissionCache(  240): checking android.permission.HARDWARE_TEST for uid=1000 => granted (196 us)
I/LatinIME:LogUtils(  678): Dictionary info: dictionary = PersonalizationDictionary.en_US ; version = 1430679859 ; date = ?
I/LatinIME:LogUtils(  678): Dictionary info: dictionary = PersonalizationDictionary.en_US ; version = 1430679859 ; date = ?
I/ActivityManager(  434): Displayed android/com.android.internal.app.ResolverActivity: +398ms
V/BackupManagerService(  434): Connected to transport ComponentInfo{android/com.android.internal.backup.LocalTransportService}
V/BackupManagerService(  434): Registering transport android/com.android.internal.backup.LocalTransportService::android/com.android.internal.backup.LocalTransport = android.app.backup.BackupTransport$TransportImpl@36528c91
D/WifiScanningService(  434): SCAN_AVAILABLE : 3
D/RttService(  434): SCAN_AVAILABLE : 3
D/RttService(  434): DefaultState got{ when=0 what=160512 target=com.android.internal.util.StateMachine$SmHandler }
I/MmsServiceBroker(  434): MmsService connected
D/WifiScanningService(  434): DefaultState got{ when=-2ms what=160006 target=com.android.internal.util.StateMachine$SmHandler }
I/WifiNative-HAL(  434): startHal
E/wifi    (  434): getStaticLongField sWifiHalHandle 0xa02f795c
D/wifi    (  434): halHandle = 0x0, mVM = 0xb4681200, mCls = 0x10079e
I/WifiNative-HAL(  434): Could not start hal
E/WifiScanningService(  434): could not start HAL
I/LatinIME:LogUtils(  678): Dictionary info: dictionary = main:en ; version = 47 ; date = 1402373178
I/ActivityManager(  434): Start proc com.android.music for broadcast com.android.music/.MediaButtonIntentReceiver: pid=943 uid=10042 gids={50042, 9997, 3003, 1028, 1015} abi=x86
I/FusedLocation(  434): engine started (com.android.location.fused)
V/KeyguardServiceDelegate(  434): *** Keyguard started
W/KeyguardServiceDelegate(  434): onScreenTurnedOn(): no keyguard service!
I/ContactLocale(  867): AddressBook Labels [en-CA;es-US]: [, A, B, C, D, E, F, G, H, I, J, K, L, M, N, O, P, Q, R, S, T, U, V, W, X, Y, Z, , , , , , , , , , , , , , , , , , , , , , , , , , , , , , , , , , , , , , , , , , , , , , , , , , , , , , , , , , , , , , , , , , , , , , , , , , , , , , , , , , , , , , , , , , , , , , , , , , , , , , , , , , , , , , , , , , , , , , , , , , , , , , , , , , , , , , , , , , , , , , , , , , , , , , , , , , , , , , , , , , , , , , , , , , , , , , , , , , , , , , , , , , , , #, ]
I/ActivityManager(  434): Start proc android.process.media for content provider com.android.providers.media/.MediaProvider: pid=964 uid=10005 gids={50005, 9997, 1028, 1015, 1023, 1024, 2001, 3003, 3007} abi=x86
I/art     (  580): Background sticky concurrent mark sweep GC freed 9397(789KB) AllocSpace objects, 0(0B) LOS objects, 16% free, 3MB/4MB, paused 10.192ms total 57.196ms
E/SQLiteLog(  964): (283) recovered 54 frames from WAL file /data/user/0/com.android.providers.media/databases/external.db-wal
I/art     (  580): Background partial concurrent mark sweep GC freed 8653(381KB) AllocSpace objects, 0(0B) LOS objects, 39% free, 3MB/6MB, paused 20.525ms total 48.598ms
D/WifiService(  434): New client listening to asynchronous messages
E/BluetoothAdapter(  580): Bluetooth binder is null
W/BluetoothController(  580): Default BT adapter not found
D/ConnectivityService(  434): listenForNetwork for NetworkRequest [ id=2, legacyType=-1, [] ]
V/EmulatedCamera_Camera(   88): getCameraInfo
V/EmulatedCamera_BaseCamera(   88): getCameraInfo
I/CameraService(   88): getCameraCharacteristics: Switching to HAL1 shim implementation...
V/EmulatedCamera_Camera(   88): getCameraInfo
V/EmulatedCamera_BaseCamera(   88): getCameraInfo
V/EmulatedCamera_Camera(   88): getCameraInfo
V/EmulatedCamera_BaseCamera(   88): getCameraInfo
I/CameraClient(   88): Opening camera 0
V/EmulatedCamera_Camera(   88): getCameraInfo
V/EmulatedCamera_BaseCamera(   88): getCameraInfo
V/EmulatedCamera_Camera(   88): connectCamera
V/EmulatedCamera_GenyDevice(   88): connectDevice
V/EmulatedCamera_GenyDevice(   88): connectDevice: Connected to device 'back'
V/EmulatedCamera_CallbackNotifier(   88): setCallbacks: 0xb6a41c00, 0xb6a41fb0, 0xb6a420c0, 0xb6a425b0 (0xb6150ee0)
V/EmulatedCamera_CallbackNotifier(   88): enableMessage: msg_type = 0xc0d
V/EmulatedCamera_CallbackNotifier(   88):     CAMERA_MSG_ERROR
V/EmulatedCamera_CallbackNotifier(   88):     CAMERA_MSG_FOCUS
V/EmulatedCamera_CallbackNotifier(   88):     CAMERA_MSG_ZOOM
V/EmulatedCamera_CallbackNotifier(   88):     CAMERA_MSG_PREVIEW_METADATA
V/EmulatedCamera_CallbackNotifier(   88): **** Currently enabled messages:
V/EmulatedCamera_CallbackNotifier(   88):     CAMERA_MSG_ERROR
V/EmulatedCamera_CallbackNotifier(   88):     CAMERA_MSG_FOCUS
V/EmulatedCamera_CallbackNotifier(   88):     CAMERA_MSG_ZOOM
V/EmulatedCamera_CallbackNotifier(   88):     CAMERA_MSG_PREVIEW_METADATA
V/EmulatedCamera_CallbackNotifier(   88): disableMessage: msg_type = 0xffff
V/EmulatedCamera_CallbackNotifier(   88):     CAMERA_MSG_ERROR
V/EmulatedCamera_CallbackNotifier(   88):     CAMERA_MSG_SHUTTER
V/EmulatedCamera_CallbackNotifier(   88):     CAMERA_MSG_FOCUS
V/EmulatedCamera_CallbackNotifier(   88):     CAMERA_MSG_ZOOM
V/EmulatedCamera_CallbackNotifier(   88):     CAMERA_MSG_PREVIEW_FRAME
V/EmulatedCamera_CallbackNotifier(   88):     CAMERA_MSG_VIDEO_FRAME
V/EmulatedCamera_CallbackNotifier(   88):     CAMERA_MSG_POSTVIEW_FRAME
V/EmulatedCamera_CallbackNotifier(   88):     CAMERA_MSG_RAW_IMAGE
V/EmulatedCamera_CallbackNotifier(   88):     CAMERA_MSG_COMPRESSED_IMAGE
V/EmulatedCamera_CallbackNotifier(   88):     CAMERA_MSG_RAW_IMAGE_NOTIFY
V/EmulatedCamera_CallbackNotifier(   88):     CAMERA_MSG_PREVIEW_METADATA
V/EmulatedCamera_CallbackNotifier(   88): **** Currently enabled messages:
V/EmulatedCamera_Camera(   88): doStopPreview
V/EmulatedCamera_Camera(   88): cancelPicture
V/EmulatedCamera_Camera(   88): releaseCamera
V/EmulatedCamera_Camera(   88): doStopPreview
V/EmulatedCamera_GenyDevice(   88): disconnectDevice
V/EmulatedCamera_GenyDevice(   88): disconnectDevice: Disonnected from device 'back'
I/CameraClient(   88): Destroying camera 0
V/EmulatedCamera_Camera(   88): closeCamera
V/EmulatedCamera_Camera(   88): doStopPreview
D/NuPlayerDriver(   88): reset(0xb6150ca0)
D/NuPlayerDriver(   88): notifyResetComplete(0xb6150ca0)
D/NuPlayerDriver(   88): reset(0xb6150e20)
D/NuPlayerDriver(   88): notifyResetComplete(0xb6150e20)
V/EmulatedCamera_Camera(   88): getCameraInfo
V/EmulatedCamera_BaseCamera(   88): getCameraInfo
I/CameraService(   88): getCameraCharacteristics: Switching to HAL1 shim implementation...
V/EmulatedCamera_Camera(   88): getCameraInfo
V/EmulatedCamera_BaseCamera(   88): getCameraInfo
V/EmulatedCamera_Camera(   88): getCameraInfo
V/EmulatedCamera_BaseCamera(   88): getCameraInfo
I/CameraClient(   88): Opening camera 1
V/EmulatedCamera_Camera(   88): getCameraInfo
V/EmulatedCamera_BaseCamera(   88): getCameraInfo
V/EmulatedCamera_Camera(   88): connectCamera
V/EmulatedCamera_GenyDevice(   88): connectDevice
V/EmulatedCamera_GenyDevice(   88): connectDevice: Connected to device 'front'
V/EmulatedCamera_CallbackNotifier(   88): setCallbacks: 0xb6a41c00, 0xb6a41fb0, 0xb6a420c0, 0xb6a425b0 (0xb2e11220)
V/EmulatedCamera_CallbackNotifier(   88): enableMessage: msg_type = 0xc0d
V/EmulatedCamera_CallbackNotifier(   88):     CAMERA_MSG_ERROR
V/EmulatedCamera_CallbackNotifier(   88):     CAMERA_MSG_FOCUS
V/EmulatedCamera_CallbackNotifier(   88):     CAMERA_MSG_ZOOM
V/EmulatedCamera_CallbackNotifier(   88):     CAMERA_MSG_PREVIEW_METADATA
V/EmulatedCamera_CallbackNotifier(   88): **** Currently enabled messages:
V/EmulatedCamera_CallbackNotifier(   88):     CAMERA_MSG_ERROR
V/EmulatedCamera_CallbackNotifier(   88):     CAMERA_MSG_FOCUS
V/EmulatedCamera_CallbackNotifier(   88):     CAMERA_MSG_ZOOM
V/EmulatedCamera_CallbackNotifier(   88):     CAMERA_MSG_PREVIEW_METADATA
V/EmulatedCamera_CallbackNotifier(   88): disableMessage: msg_type = 0xffff
V/EmulatedCamera_CallbackNotifier(   88):     CAMERA_MSG_ERROR
V/EmulatedCamera_CallbackNotifier(   88):     CAMERA_MSG_SHUTTER
V/EmulatedCamera_CallbackNotifier(   88):     CAMERA_MSG_FOCUS
V/EmulatedCamera_CallbackNotifier(   88):     CAMERA_MSG_ZOOM
V/EmulatedCamera_CallbackNotifier(   88):     CAMERA_MSG_PREVIEW_FRAME
V/EmulatedCamera_CallbackNotifier(   88):     CAMERA_MSG_VIDEO_FRAME
V/EmulatedCamera_CallbackNotifier(   88):     CAMERA_MSG_POSTVIEW_FRAME
V/EmulatedCamera_CallbackNotifier(   88):     CAMERA_MSG_RAW_IMAGE
V/EmulatedCamera_CallbackNotifier(   88):     CAMERA_MSG_COMPRESSED_IMAGE
V/EmulatedCamera_CallbackNotifier(   88):     CAMERA_MSG_RAW_IMAGE_NOTIFY
V/EmulatedCamera_CallbackNotifier(   88):     CAMERA_MSG_PREVIEW_METADATA
V/EmulatedCamera_CallbackNotifier(   88): **** Currently enabled messages:
V/EmulatedCamera_Camera(   88): doStopPreview
V/EmulatedCamera_Camera(   88): cancelPicture
V/EmulatedCamera_Camera(   88): releaseCamera
V/EmulatedCamera_Camera(   88): doStopPreview
V/EmulatedCamera_GenyDevice(   88): disconnectDevice
V/EmulatedCamera_GenyDevice(   88): disconnectDevice: Disonnected from device 'front'
I/CameraClient(   88): Destroying camera 1
V/EmulatedCamera_Camera(   88): closeCamera
V/EmulatedCamera_Camera(   88): doStopPreview
D/NuPlayerDriver(   88): reset(0xb2e11040)
D/NuPlayerDriver(   88): notifyResetComplete(0xb2e11040)
D/NuPlayerDriver(   88): reset(0xb2e11160)
D/NuPlayerDriver(   88): notifyResetComplete(0xb2e11160)
V/EmulatedCamera_Camera(   88): getCameraInfo
V/EmulatedCamera_BaseCamera(   88): getCameraInfo
V/EmulatedCamera_Camera(   88): getCameraInfo
V/EmulatedCamera_BaseCamera(   88): getCameraInfo
V/EmulatedCamera_Camera(   88): getCameraInfo
V/EmulatedCamera_BaseCamera(   88): getCameraInfo
V/EmulatedCamera_Camera(   88): getCameraInfo
V/EmulatedCamera_BaseCamera(   88): getCameraInfo
D/OpenGLRenderer(  580): Render dirty regions requested: true
D/        (  580): HostConnection::get() New Host Connection established 0xa3a24d20, tid 580
D/Atlas   (  580): Validating map...
D/PhoneStatusBar(  580): disable: < expand icons alerts system_info back home recent clock search >
E/BluetoothAdapter(  580): Bluetooth binder is null
D/PhoneStatusBar(  580): heads up is enabled
I/Choreographer(  580): Skipped 33 frames!  The application may be doing too much work on its main thread.
D/ViewRootImpl(  580): changeCanvasOpacity: opaque=true
D/libEGL  (  580): loaded /system/lib/egl/libEGL_emulation.so
D/libEGL  (  580): loaded /system/lib/egl/libGLESv1_CM_emulation.so
D/libEGL  (  580): loaded /system/lib/egl/libGLESv2_emulation.so
D/        (  580): HostConnection::get() New Host Connection established 0xa560b760, tid 1001
I/OpenGLRenderer(  580): Initialized EGL, version 1.4
D/OpenGLRenderer(  580): Enabling debug mode 0
W/EGL_emulation(  580): eglSurfaceAttrib not implemented
W/OpenGLRenderer(  580): Failed to set EGL_SWAP_BEHAVIOR on surface 0xa5607f20, error=EGL_SUCCESS
W/EGL_emulation(  580): eglSurfaceAttrib not implemented
W/OpenGLRenderer(  580): Failed to set EGL_SWAP_BEHAVIOR on surface 0xa5607f40, error=EGL_SUCCESS
I/WifiNative-HAL(  434): startHal
E/wifi    (  434): getStaticLongField sWifiHalHandle 0xa20eb8bc
D/wifi    (  434): halHandle = 0x0, mVM = 0xb4681200, mCls = 0x1009ae
I/WifiNative-HAL(  434): Could not start hal
E/WifiStateMachine(  434): WifiStateMachine shouldSwitchNetwork  txSuccessRate=0.00 rxSuccessRate=0.00 delta 1000 -> 1000
E/WifiStateMachine(  434): CMD_AUTO_CONNECT sup state ScanState my state DisconnectedState nid=0 roam=3
E/WifiConfigStore(  434): saveWifiConfigBSSID Setting BSSID for "WiredSSID"NONE to any
E/WifiStateMachine(  434): CMD_AUTO_CONNECT will save config -> "WiredSSID" nid=0
E/WifiConfigStore(  434): will read network variables netId=0
E/WifiStateMachine(  434): CMD_AUTO_CONNECT did save config ->  nid=0
E/WifiConfigStore(  434): will read network variables netId=0
I/wpa_supplicant(  749): eth1: Trying to associate with 01:80:c2:00:00:03 (SSID='WiredSSID' freq=2412 MHz)
I/wpa_supplicant(  749): eth1: Associated with 01:80:c2:00:00:03
I/wpa_supplicant(  749): eth1: CTRL-EVENT-CONNECTED - Connection to 01:80:c2:00:00:03 completed [id=0 id_str=]
E/WifiConfigStore(  434): setLastSelectedConfiguration -1
V/KeyguardServiceDelegate(  434): *** Keyguard connected (yay!)
D/WifiService(  434): New client listening to asynchronous messages
D/VoldCmdListener(  239): cryptfs getpw
D/VoldCmdListener(  239): cryptfs clearpw
D/ConnectivityService(  434): registerNetworkAgent NetworkAgentInfo{ ni{[type: WIFI[], state: CONNECTING/CONNECTING, reason: (unspecified), extra: "WiredSSID", roaming: false, failover: false, isAvailable: true, isConnectedToProvisioningNetwork: false]}  network{null}  lp{{LinkAddresses: []  Routes: [] DnsAddresses: [] Domains: null MTU: 0 TcpBufferSizes: 524288,1048576,2097152,262144,524288,1048576}}  nc{[ Transports: WIFI Capabilities: INTERNET&NOT_RESTRICTED&TRUSTED&NOT_VPN LinkUpBandwidth>=1048576Kbps LinkDnBandwidth>=1048576Kbps]}  Score{20} validated{false} created{false} explicitlySelected{false} }
E/WifiConfigStore(  434): saveWifiConfigBSSID Setting BSSID for "WiredSSID"NONE to any
D/ConnectivityService(  434): NetworkAgentInfo [WIFI () - 100] EVENT_NETWORK_INFO_CHANGED, going from null to CONNECTING
E/WifiConfigStore(  434): saveWifiConfigBSSID Setting BSSID for "WiredSSID"NONE to any
D/CommandListener(   84): Setting iface cfg
E/WifiStateMachine(  434): Start Dhcp Watchdog 1
I/WifiNative-HAL(  434): startHal
E/wifi    (  434): getStaticLongField sWifiHalHandle 0xa20eb8bc
D/wifi    (  434): halHandle = 0x0, mVM = 0xb4681200, mCls = 0x2009d6
I/WifiNative-HAL(  434): Could not start hal
D/ConnectivityService(  434): updateNetworkScore for NetworkAgentInfo [WIFI () - 100] to 60
E/native  (  434): do suspend false
E/WifiStateMachine(  434): Unexpected BatchedScanResults :null
D/OpenGLRenderer(  580): setting property extraRasterBucket to 0.95
D/OpenGLRenderer(  580):     failed
D/OpenGLRenderer(  580): setting property extraRasterBucket to 0.0
D/OpenGLRenderer(  580):     failed
I/SurfaceFlinger(  240): Boot is finished (7898 ms)
D/PhoneStatusBar(  580): disable: < expand icons alerts system_info back HOME* RECENT* clock SEARCH* >
D/PhoneStatusBar(  580): disable: < expand ICONS* alerts SYSTEM_INFO* back HOME RECENT clock SEARCH >
I/dhcpcd  ( 1010): version 5.5.6 starting
D/PhoneStatusBar(  580): disable: < expand ICONS alerts SYSTEM_INFO back HOME RECENT clock SEARCH >
I/dhcpcd  ( 1010): eth1: broadcasting for a lease
I/dhcpcd  ( 1010): eth1: offered 10.0.3.15 from 10.0.3.2
I/dhcpcd  ( 1010): eth1: acknowledged 10.0.3.15 from 10.0.3.2
W/EGL_emulation(  580): eglSurfaceAttrib not implemented
W/OpenGLRenderer(  580): Failed to set EGL_SWAP_BEHAVIOR on surface 0xa5607f20, error=EGL_SUCCESS
I/dhcpcd  ( 1010): eth1: leased 10.0.3.15 for 86400 seconds
I/SystemServiceManager(  434): Starting phase 1000
V/KeyguardServiceDelegate(  434): **** SHOWN CALLED ****
V/ActivityManager(  434): Display changed displayId=0
I/ActivityManager(  434): Start proc com.android.keychain for service com.android.keychain/.KeyChainService: pid=1042 uid=1000 gids={41000, 9997, 1028, 1015, 3002, 3001, 3003} abi=x86
I/RecoverySystem(  434): No recovery log file
I/BootReceiver(  434): Copying audit failures to DropBox
I/BootReceiver(  434): Checking for fsck errors
I/BootReceiver(  434): Copying /data/tombstones/tombstone_00 to DropBox (SYSTEM_TOMBSTONE)
E/SharedPreferencesImpl(  434): Couldn't create directory for SharedPreferences file shared_prefs/log_files.xml
I/ActivityManager(  434): Start proc com.android.dialer for broadcast com.android.dialer/.calllog.CallLogReceiver: pid=1067 uid=10004 gids={50004, 9997, 3003, 1028, 1015} abi=x86
I/BootReceiver(  434): Copying /data/tombstones/tombstone_01 to DropBox (SYSTEM_TOMBSTONE)
E/SharedPreferencesImpl(  434): Couldn't create directory for SharedPreferences file shared_prefs/log_files.xml
I/BootReceiver(  434): Copying /data/tombstones/tombstone_02 to DropBox (SYSTEM_TOMBSTONE)
E/SharedPreferencesImpl(  434): Couldn't create directory for SharedPreferences file shared_prefs/log_files.xml
I/BootReceiver(  434): Copying /data/tombstones/tombstone_03 to DropBox (SYSTEM_TOMBSTONE)
E/SharedPreferencesImpl(  434): Couldn't create directory for SharedPreferences file shared_prefs/log_files.xml
D/ExtensionsFactory( 1067): No custom extensions.
I/BootReceiver(  434): Copying /data/tombstones/tombstone_04 to DropBox (SYSTEM_TOMBSTONE)
E/SharedPreferencesImpl(  434): Couldn't create directory for SharedPreferences file shared_prefs/log_files.xml
D/ConnectivityService(  434): NetworkAgentInfo [WIFI () - 100] EVENT_NETWORK_INFO_CHANGED, going from CONNECTING to CONNECTED
D/ConnectivityService(  434): Adding iface eth1 to network 100
I/BootReceiver(  434): Copying /data/tombstones/tombstone_05 to DropBox (SYSTEM_TOMBSTONE)
E/SharedPreferencesImpl(  434): Couldn't create directory for SharedPreferences file shared_prefs/log_files.xml
E/WifiStateMachine(  434): Did not find remoteAddress {10.0.3.2} in /proc/net/arp
E/ConnectivityService(  434): Unexpected mtu value: 0, eth1
D/ConnectivityService(  434): Adding Route [fe80::/64 -> :: eth1] to network 100
D/ConnectivityService(  434): Adding Route [10.0.3.0/24 -> 0.0.0.0 eth1] to network 100
D/ConnectivityService(  434): Adding Route [0.0.0.0/0 -> 10.0.3.2 eth1] to network 100
D/ConnectivityService(  434): Setting Dns servers for network 100 to [/24.222.0.94, /24.222.0.95]
D/Nat464Xlat(  434): requiresClat: netType=1, connected=true, hasIPv4Address=true
D/ConnectivityService(  434): notifyType IP_CHANGED for NetworkAgentInfo [WIFI () - 100]
D/ConnectivityService(  434): notifyType PRECHECK for NetworkAgentInfo [WIFI () - 100]
D/NetworkMonitorNetworkAgentInfo [WIFI () - null](  434): DefaultState{ when=-1ms what=532481 target=com.android.internal.util.StateMachine$SmHandler }
D/NetworkMonitorNetworkAgentInfo [WIFI () - null](  434): Connected
D/NetworkMonitorNetworkAgentInfo [WIFI () - null](  434): EvaluatingState{ when=0 what=532486 arg1=1 target=com.android.internal.util.StateMachine$SmHandler }
D/NetworkMonitorNetworkAgentInfo [WIFI () - null](  434): Checking http://clients3.google.com/generate_204 on "WiredSSID"
D/ConnectivityService(  434): rematching NetworkAgentInfo [WIFI () - 100]
D/ConnectivityService(  434):    accepting network in place of null
D/ConnectivityService(  434): Setting tx/rx TCP buffers to 524288,1048576,2097152,262144,524288,1048576
D/CSLegacyTypeTracker(  434): Sending connected broadcast for type 1 NetworkAgentInfo [WIFI () - 100] isDefaultNetwork=true
D/ConnectivityService(  434): sendStickyBroadcast: action=android.net.conn.CONNECTIVITY_CHANGE_IMMEDIATE
D/ConnectivityService(  434): Switching to new default network: NetworkAgentInfo{ ni{[type: WIFI[], state: CONNECTED/CONNECTED, reason: (unspecified), extra: "WiredSSID", roaming: false, failover: false, isAvailable: true, isConnectedToProvisioningNetwork: false]}  network{100}  lp{{InterfaceName: eth1 LinkAddresses: [10.0.3.15/24,]  Routes: [fe80::/64 -> :: eth1,10.0.3.0/24 -> 0.0.0.0 eth1,0.0.0.0/0 -> 10.0.3.2 eth1,] DnsAddresses: [24.222.0.94,24.222.0.95,] Domains: null MTU: 0 TcpBufferSizes: 524288,1048576,2097152,262144,524288,1048576}}  nc{[ Transports: WIFI Capabilities: INTERNET&NOT_RESTRICTED&TRUSTED&NOT_VPN LinkUpBandwidth>=1048576Kbps LinkDnBandwidth>=1048576Kbps]}  Score{20} validated{false} created{true} explicitlySelected{false} }
D/ConnectivityService(  434): notifyType AVAILABLE for NetworkAgentInfo [WIFI () - 100]
D/ConnectivityManager.CallbackHandler(  580): CM callback handler got msg 524290
I/BootReceiver(  434): Copying /data/tombstones/tombstone_06 to DropBox (SYSTEM_TOMBSTONE)
E/SharedPreferencesImpl(  434): Couldn't create directory for SharedPreferences file shared_prefs/log_files.xml
I/BootReceiver(  434): Copying /data/tombstones/tombstone_07 to DropBox (SYSTEM_TOMBSTONE)
E/SharedPreferencesImpl(  434): Couldn't create directory for SharedPreferences file shared_prefs/log_files.xml
E/SharedPreferencesImpl(  434): Couldn't create directory for SharedPreferences file shared_prefs/log_files.xml
I/BootReceiver(  434): Copying /data/tombstones/tombstone_08 to DropBox (SYSTEM_TOMBSTONE)
I/BootReceiver(  434): Copying /data/tombstones/tombstone_09 to DropBox (SYSTEM_TOMBSTONE)
E/SharedPreferencesImpl(  434): Couldn't create directory for SharedPreferences file shared_prefs/log_files.xml
D/NetworkMonitorNetworkAgentInfo [WIFI () - null](  434): isCaptivePortal: ret=204 headers={null=[HTTP/1.1 204 No Content], Content-Length=[0], Date=[Sun, 03 May 2015 19:04:22 GMT], Server=[GFE/2.0], X-Android-Received-Millis=[1430679860972], X-Android-Response-Source=[NETWORK 204], X-Android-Sent-Millis=[1430679860959]}
D/NetworkMonitorNetworkAgentInfo [WIFI () - null](  434): Don't send network conditions - lacking user consent.
D/NetworkMonitorNetworkAgentInfo [WIFI () - null](  434): Validated
D/ConnectivityService(  434): Validated NetworkAgentInfo [WIFI () - 100]
D/ConnectivityService(  434): rematching NetworkAgentInfo [WIFI () - 100]
D/ConnectivityService(  434): Network NetworkAgentInfo [WIFI () - 100] was already satisfying request 1. No change.
D/ConnectivityService(  434): notifyType AVAILABLE for NetworkAgentInfo [WIFI () - 100]
D/ConnectivityService(  434): sendStickyBroadcast: action=android.net.conn.INET_CONDITION_ACTION
D/ConnectivityManager.CallbackHandler(  580): CM callback handler got msg 524290
D/ConnectivityService(  434): Got NetworkFactory Messenger for Telephony
D/TelephonyProvider(  786): dbh.onOpen: ok, queried table=siminfo
D/TelephonyProvider(  786): dbh.onOpen: ok, queried table=carriers
I/ActivityManager(  434): Start proc com.android.smspush for service com.android.smspush/.WapPushManager: pid=1100 uid=10056 gids={50056, 9997} abi=x86
D/GpsLocationProvider(  434): received SIM realted action: android.intent.action.SIM_STATE_CHANGED
D/GpsLocationProvider(  434): SIM MCC/MNC is still not available
D/DcSwitchState(  786): [DcSwitchState-0] DcSwitchState constructor E
D/DcSwitchState(  786): [DcSwitchState-0] DcSwitchState constructor X
D/DctController(  786): [DctController] DctController(phones): Connect success: 0
E/BluetoothAdapter(  786): Bluetooth binder is null
I/ActivityManager(  434): Start proc com.android.providers.calendar for broadcast com.android.providers.calendar/.CalendarReceiver: pid=1126 uid=10001 gids={50001, 9997, 3003, 1028, 1015} abi=x86
W/ResourcesManager( 1126): Asset path '/system/framework/android.test.runner.jar' does not exist or contains no resources.
I/CalendarProvider2( 1126): Created com.android.providers.calendar.CalendarAlarmManager@2e7cf106(com.android.providers.calendar.CalendarProvider2@d46a3c7)
I/ActivityManager(  434): Start proc com.android.managedprovisioning for broadcast com.android.managedprovisioning/.BootReminder: pid=1148 uid=10007 gids={50007, 9997, 1028, 3003} abi=x86
D/TelephonyNetworkFactory(  786): got request NetworkRequest [ id=1, legacyType=-1, [ Capabilities: INTERNET&NOT_RESTRICTED&TRUSTED&NOT_VPN] ] with score 60
D/DctController(  786): [DctController] EVENT_PHONE1_RADIO_OFF.
D/TelephonyDebugService(  786): TelephonyDebugService()
D/WifiService(  434): New client listening to asynchronous messages
D/DctController(  786): [DctController] DataStateReceiver: phoneId= 0
D/DctController(  786): [DctController] DataStateReceiver: ignore invalid subId=-1
