--------- beginning of system
D/local_opengl(    0): Starting local_opengl
--------- beginning of main
I/lowmemorykiller(  237): Using in-kernel low memory killer interface
E/vinput-seamless(  242): found seamless mouse device
I/Vold    (  239): Vold 2.1 (the revenge) firing up
I/SurfaceFlinger(  240): SurfaceFlinger is starting
I/SurfaceFlinger(  240): SurfaceFlinger's main thread ready to run. Initializing graphics H/W...
D/libEGL  (  240): loaded /system/lib/egl/libEGL_emulation.so
D/libEGL  (  240): loaded /system/lib/egl/libGLESv1_CM_emulation.so
D/libEGL  (  240): loaded /system/lib/egl/libGLESv2_emulation.so
I/iptables(   84): iptables v1.4.20: can't initialize iptables table `nat': Table does not exist (do you need to insmod?)
I/iptables(   84): Perhaps iptables or your kernel needs to be upgraded.
I/iptables(   84): iptables terminated by exit(3)
E/Netd    (   84): exec() res=0, status=768 for /system/bin/iptables -t nat -N oem_nat_pre 
I/iptables(   84): iptables v1.4.20: can't initialize iptables table `nat': Table does not exist (do you need to insmod?)
I/iptables(   84): Perhaps iptables or your kernel needs to be upgraded.
I/iptables(   84): iptables terminated by exit(3)
E/Netd    (   84): exec() res=0, status=768 for /system/bin/iptables -t nat -A PREROUTING -j oem_nat_pre 
I/iptables(   84): iptables v1.4.20: can't initialize iptables table `nat': Table does not exist (do you need to insmod?)
I/iptables(   84): Perhaps iptables or your kernel needs to be upgraded.
I/iptables(   84): iptables terminated by exit(3)
E/Netd    (   84): exec() res=0, status=768 for /system/bin/iptables -t nat -N natctrl_nat_POSTROUTING 
I/iptables(   84): iptables v1.4.20: can't initialize iptables table `nat': Table does not exist (do you need to insmod?)
I/iptables(   84): Perhaps iptables or your kernel needs to be upgraded.
I/iptables(   84): iptables terminated by exit(3)
E/Netd    (   84): exec() res=0, status=768 for /system/bin/iptables -t nat -A POSTROUTING -j natctrl_nat_POSTROUTING 
V/NatController(   84): runCmd(/system/bin/iptables -F natctrl_FORWARD) res=0
V/NatController(   84): runCmd(/system/bin/iptables -A natctrl_FORWARD -j DROP) res=0
V/NatController(   84): runCmd(/system/bin/iptables -t nat -F natctrl_nat_POSTROUTING) res=3
D/Genyd   (   82): Received Set Clipboard
D/Genymotion(   82): Received Set Clipboard
D/MDnsDS  (   84): MDnsSdListener::Hander starting up
D/MDnsDS  (   84): MDnsSdListener starting to monitor
D/MDnsDS  (   84): Going to poll with pollCount 1
E/memtrack(   92): Couldn't load memtrack module (No such file or directory)
E/android.os.Debug(   92): failed to load memtrack module: -2
I/SamplingProfilerIntegration(   92): Profiling disabled.
D/Zygote  (   92): begin preload
I/Zygote  (   92): Preloading classes...
I/art     (   92): Explicit concurrent mark sweep GC freed 999(55KB) AllocSpace objects, 0(0B) LOS objects, 93% free, 70KB/1094KB, paused 76us total 12.249ms
I/art     (   92): Counter: 1
I/art     (   92): Explicit concurrent mark sweep GC freed 546(33KB) AllocSpace objects, 0(0B) LOS objects, 91% free, 89KB/1113KB, paused 77us total 1.026ms
I/art     (   92): Explicit concurrent mark sweep GC freed 638(41KB) AllocSpace objects, 0(0B) LOS objects, 91% free, 97KB/1121KB, paused 76us total 1.416ms
I/art     (   92): Explicit concurrent mark sweep GC freed 366(22KB) AllocSpace objects, 0(0B) LOS objects, 88% free, 131KB/1155KB, paused 58us total 750us
E/Minikin (   92): addFont failed to create font /system/fonts/NotoSansGujarati-Regular.ttf
E/Minikin (   92): addFont failed to create font /system/fonts/NotoSansGujarati-Bold.ttf
E/Minikin (   92): addFont failed to create font /system/fonts/NotoSansGujaratiUI-Regular.ttf
E/Minikin (   92): addFont failed to create font /system/fonts/NotoSansGujaratiUI-Bold.ttf
E/Minikin (   92): addFont failed to create font /system/fonts/NotoSansGurmukhi-Regular.ttf
E/Minikin (   92): addFont failed to create font /system/fonts/NotoSansGurmukhi-Bold.ttf
E/Minikin (   92): addFont failed to create font /system/fonts/NotoSansGurmukhiUI-Regular.ttf
E/Minikin (   92): addFont failed to create font /system/fonts/NotoSansGurmukhiUI-Bold.ttf
E/Minikin (   92): addFont failed to create font /system/fonts/NotoSansSinhala-Regular.ttf
E/Minikin (   92): addFont failed to create font /system/fonts/NotoSansSinhala-Bold.ttf
I/mediaserver(   88): ServiceManager: 0xb6116d40
I/AudioFlinger(   88): Using default 3000 mSec as standby time.
I/ServiceManager(   88): Waiting for service batterystats...
E/Minikin (   92): addFont failed to create font /system/fonts/NotoSansCherokee-Regular.ttf
E/Minikin (   92): addFont failed to create font /system/fonts/NotoSansCanadianAboriginal-Regular.ttf
E/Minikin (   92): addFont failed to create font /system/fonts/NotoSansYi-Regular.ttf
E/Minikin (   92): addFont failed to create font /system/fonts/NotoSansHans-Regular.otf
E/Minikin (   92): addFont failed to create font /system/fonts/NotoSansHant-Regular.otf
E/Minikin (   92): addFont failed to create font /system/fonts/NotoSansJP-Regular.otf
E/Minikin (   92): addFont failed to create font /system/fonts/NotoSansKR-Regular.otf
I/art     (   92): Explicit concurrent mark sweep GC freed 1520(111KB) AllocSpace objects, 0(0B) LOS objects, 87% free, 140KB/1164KB, paused 60us total 874us
I/art     (   92): Explicit concurrent mark sweep GC freed 1940(93KB) AllocSpace objects, 0(0B) LOS objects, 84% free, 185KB/1209KB, paused 60us total 1.257ms
I/art     (   92): Explicit concurrent mark sweep GC freed 1982(88KB) AllocSpace objects, 0(0B) LOS objects, 82% free, 222KB/1246KB, paused 60us total 1.085ms
I/art     (   92): Explicit concurrent mark sweep GC freed 410(29KB) AllocSpace objects, 0(0B) LOS objects, 79% free, 257KB/1281KB, paused 70us total 1.418ms
I/art     (   92): Thread[1,tid=92,WaitingForJniOnLoad,Thread*=0xb4606800,peer=0x12c330e0,"main"] recursive attempt to load library "/system/lib/libmedia_jni.so"
D/MtpDeviceJNI(   92): register_android_mtp_MtpDevice
I/art     (   92): Thread[1,tid=92,WaitingForJniOnLoad,Thread*=0xb4606800,peer=0x12c330e0,"main"] recursive attempt to load library "/system/lib/libmedia_jni.so"
I/art     (   92): Thread[1,tid=92,WaitingForJniOnLoad,Thread*=0xb4606800,peer=0x12c330e0,"main"] recursive attempt to load library "/system/lib/libmedia_jni.so"
I/art     (   92): Explicit concurrent mark sweep GC freed 668(38KB) AllocSpace objects, 0(0B) LOS objects, 79% free, 269KB/1293KB, paused 86us total 1.544ms
I/art     (   92): Explicit concurrent mark sweep GC freed 520(26KB) AllocSpace objects, 0(0B) LOS objects, 77% free, 297KB/1321KB, paused 86us total 1.303ms
I/art     (   92): Explicit concurrent mark sweep GC freed 540(31KB) AllocSpace objects, 0(0B) LOS objects, 75% free, 324KB/1348KB, paused 62us total 1.191ms
I/art     (   92): Explicit concurrent mark sweep GC freed 1850(109KB) AllocSpace objects, 0(0B) LOS objects, 67% free, 489KB/1513KB, paused 72us total 2.021ms
E/EmojiFactory_jni(   92): Failed to load libemoji.so: dlopen failed: library "libemoji.so" not found
I/art     (   92): Explicit concurrent mark sweep GC freed 361(46KB) AllocSpace objects, 0(0B) LOS objects, 56% free, 788KB/1812KB, paused 59us total 1.770ms
I/art     (   92): Explicit concurrent mark sweep GC freed 438(30KB) AllocSpace objects, 0(0B) LOS objects, 55% free, 806KB/1830KB, paused 62us total 1.532ms
I/art     (   92): Explicit concurrent mark sweep GC freed 787(49KB) AllocSpace objects, 0(0B) LOS objects, 55% free, 808KB/1832KB, paused 87us total 1.859ms
I/art     (   92): Explicit concurrent mark sweep GC freed 875(101KB) AllocSpace objects, 0(0B) LOS objects, 55% free, 835KB/1859KB, paused 79us total 2.233ms
I/art     (   92): Explicit concurrent mark sweep GC freed 623(44KB) AllocSpace objects, 0(0B) LOS objects, 54% free, 840KB/1864KB, paused 76us total 1.796ms
I/art     (   92): Explicit concurrent mark sweep GC freed 259(20KB) AllocSpace objects, 0(0B) LOS objects, 54% free, 868KB/1892KB, paused 58us total 1.273ms
I/art     (   92): Explicit concurrent mark sweep GC freed 22(912B) AllocSpace objects, 0(0B) LOS objects, 44% free, 1253KB/2MB, paused 58us total 1.989ms
I/art     (   92): Explicit concurrent mark sweep GC freed 586(34KB) AllocSpace objects, 0(0B) LOS objects, 44% free, 1268KB/2MB, paused 74us total 1.707ms
I/art     (   92): Explicit concurrent mark sweep GC freed 744(44KB) AllocSpace objects, 0(0B) LOS objects, 44% free, 1272KB/2MB, paused 60us total 1.908ms
I/System  (   92): Loaded time zone names for "" in 18ms (17ms in ICU)
I/System  (   92): Loaded time zone names for "en_US" in 9ms (8ms in ICU)
I/System  (   92): Loaded time zone names for "en_CA" in 6ms (6ms in ICU)
I/art     (   92): Explicit concurrent mark sweep GC freed 4620(282KB) AllocSpace objects, 0(0B) LOS objects, 40% free, 1474KB/2MB, paused 105us total 4.260ms
I/art     (   92): Explicit concurrent mark sweep GC freed 136(12KB) AllocSpace objects, 0(0B) LOS objects, 39% free, 1539KB/2MB, paused 61us total 1.927ms
I/art     (   92): Explicit concurrent mark sweep GC freed 289(24KB) AllocSpace objects, 0(0B) LOS objects, 39% free, 1591KB/2MB, paused 59us total 2.077ms
I/art     (   92): Explicit concurrent mark sweep GC freed 678(47KB) AllocSpace objects, 0(0B) LOS objects, 39% free, 1593KB/2MB, paused 79us total 2.961ms
I/Zygote  (   92): ...preloaded 3005 classes in 633ms.
I/art     (   92): VMRuntime.preloadDexCaches starting
I/art     (   92): VMRuntime.preloadDexCaches strings total=208274 before=38168 after=38168
I/art     (   92): VMRuntime.preloadDexCaches types total=18136 before=6320 after=6349
I/art     (   92): VMRuntime.preloadDexCaches fields total=84531 before=31965 after=32290
I/art     (   92): VMRuntime.preloadDexCaches methods total=149417 before=65646 after=66526
I/art     (   92): VMRuntime.preloadDexCaches finished
I/art     (   92): Counter: 0
I/art     (   92): Counter: 1
I/art     (   92): Explicit concurrent mark sweep GC freed 71(16KB) AllocSpace objects, 0(0B) LOS objects, 40% free, 1578KB/2MB, paused 62us total 2.671ms
D/idmap   (  433): error: no read access to /vendor/overlay: No such file or directory
I/Zygote  (   92): Preloading resources...
I/art     (   92): Explicit concurrent mark sweep GC freed 83(3KB) AllocSpace objects, 0(0B) LOS objects, 39% free, 1626KB/2MB, paused 69us total 2.262ms
I/art     (   92): Explicit concurrent mark sweep GC freed 89(4KB) AllocSpace objects, 0(0B) LOS objects, 40% free, 1672KB/2MB, paused 62us total 1.854ms
I/art     (   92): Explicit concurrent mark sweep GC freed 117(5KB) AllocSpace objects, 0(0B) LOS objects, 40% free, 1716KB/2MB, paused 60us total 2.662ms
I/art     (   92): Explicit concurrent mark sweep GC freed 99(4KB) AllocSpace objects, 0(0B) LOS objects, 39% free, 1761KB/2MB, paused 61us total 2.119ms
I/art     (   92): Explicit concurrent mark sweep GC freed 94(4KB) AllocSpace objects, 0(0B) LOS objects, 39% free, 1806KB/2MB, paused 62us total 2.158ms
I/art     (   92): Explicit concurrent mark sweep GC freed 104(4KB) AllocSpace objects, 0(0B) LOS objects, 40% free, 1852KB/3MB, paused 65us total 2.386ms
I/art     (   92): Explicit concurrent mark sweep GC freed 113(5KB) AllocSpace objects, 0(0B) LOS objects, 39% free, 1897KB/3MB, paused 63us total 2.104ms
I/art     (   92): Explicit concurrent mark sweep GC freed 119(5KB) AllocSpace objects, 0(0B) LOS objects, 39% free, 1944KB/3MB, paused 62us total 1.997ms
I/art     (   92): Explicit concurrent mark sweep GC freed 108(5KB) AllocSpace objects, 0(0B) LOS objects, 40% free, 1992KB/3MB, paused 59us total 1.797ms
I/art     (   92): Explicit concurrent mark sweep GC freed 156(6KB) AllocSpace objects, 0(0B) LOS objects, 40% free, 2MB/3MB, paused 65us total 2.904ms
I/art     (   92): Explicit concurrent mark sweep GC freed 139(6KB) AllocSpace objects, 0(0B) LOS objects, 39% free, 2MB/3MB, paused 62us total 2.266ms
I/art     (   92): Explicit concurrent mark sweep GC freed 85(7KB) AllocSpace objects, 0(0B) LOS objects, 40% free, 2MB/3MB, paused 64us total 3.265ms
I/art     (   92): Explicit concurrent mark sweep GC freed 111(4KB) AllocSpace objects, 0(0B) LOS objects, 40% free, 2MB/3MB, paused 63us total 1.963ms
I/art     (   92): Explicit concurrent mark sweep GC freed 137(5KB) AllocSpace objects, 0(0B) LOS objects, 39% free, 2MB/3MB, paused 61us total 2.331ms
I/art     (   92): Explicit concurrent mark sweep GC freed 62(2752B) AllocSpace objects, 0(0B) LOS objects, 39% free, 2MB/3MB, paused 62us total 1.926ms
I/art     (   92): Explicit concurrent mark sweep GC freed 112(4KB) AllocSpace objects, 0(0B) LOS objects, 39% free, 2MB/4MB, paused 63us total 2.172ms
I/art     (   92): Explicit concurrent mark sweep GC freed 215(9KB) AllocSpace objects, 0(0B) LOS objects, 39% free, 2MB/4MB, paused 64us total 2.196ms
I/art     (   92): Explicit concurrent mark sweep GC freed 372(16KB) AllocSpace objects, 0(0B) LOS objects, 39% free, 2MB/4MB, paused 63us total 2.124ms
I/art     (   92): Explicit concurrent mark sweep GC freed 223(9KB) AllocSpace objects, 0(0B) LOS objects, 39% free, 2MB/4MB, paused 63us total 2.456ms
I/art     (   92): Explicit concurrent mark sweep GC freed 121(7KB) AllocSpace objects, 0(0B) LOS objects, 40% free, 2MB/4MB, paused 65us total 2.512ms
I/art     (   92): Explicit concurrent mark sweep GC freed 102(4KB) AllocSpace objects, 0(0B) LOS objects, 39% free, 2MB/4MB, paused 78us total 2.569ms
I/art     (   92): Explicit concurrent mark sweep GC freed 47(8KB) AllocSpace objects, 0(0B) LOS objects, 40% free, 2MB/4MB, paused 63us total 2.757ms
I/art     (   92): Explicit concurrent mark sweep GC freed 101(4KB) AllocSpace objects, 0(0B) LOS objects, 40% free, 2MB/4MB, paused 63us total 2.671ms
I/art     (   92): Explicit concurrent mark sweep GC freed 109(4KB) AllocSpace objects, 0(0B) LOS objects, 39% free, 2MB/4MB, paused 60us total 2.020ms
I/art     (   92): Explicit concurrent mark sweep GC freed 100(4KB) AllocSpace objects, 0(0B) LOS objects, 39% free, 2MB/4MB, paused 64us total 2.094ms
I/art     (   92): Explicit concurrent mark sweep GC freed 179(8KB) AllocSpace objects, 0(0B) LOS objects, 39% free, 3MB/5MB, paused 64us total 2.204ms
I/art     (   92): Explicit concurrent mark sweep GC freed 269(11KB) AllocSpace objects, 0(0B) LOS objects, 39% free, 3MB/5MB, paused 62us total 2.355ms
I/art     (   92): Explicit concurrent mark sweep GC freed 99(4KB) AllocSpace objects, 0(0B) LOS objects, 39% free, 3MB/5MB, paused 129us total 2.159ms
I/art     (   92): Explicit concurrent mark sweep GC freed 95(4KB) AllocSpace objects, 0(0B) LOS objects, 40% free, 3MB/5MB, paused 141us total 2.315ms
I/art     (   92): Explicit concurrent mark sweep GC freed 95(4KB) AllocSpace objects, 0(0B) LOS objects, 40% free, 3MB/5MB, paused 61us total 2.142ms
I/art     (   92): Explicit concurrent mark sweep GC freed 95(4KB) AllocSpace objects, 0(0B) LOS objects, 39% free, 3MB/5MB, paused 62us total 2.107ms
I/art     (   92): Explicit concurrent mark sweep GC freed 95(4KB) AllocSpace objects, 0(0B) LOS objects, 39% free, 3MB/5MB, paused 85us total 2.442ms
I/art     (   92): Explicit concurrent mark sweep GC freed 81(3KB) AllocSpace objects, 0(0B) LOS objects, 39% free, 3MB/5MB, paused 81us total 2.549ms
I/art     (   92): Explicit concurrent mark sweep GC freed 99(4KB) AllocSpace objects, 0(0B) LOS objects, 39% free, 3MB/5MB, paused 61us total 2.264ms
I/art     (   92): Explicit concurrent mark sweep GC freed 109(5KB) AllocSpace objects, 0(0B) LOS objects, 39% free, 3MB/5MB, paused 61us total 3.834ms
I/art     (   92): Explicit concurrent mark sweep GC freed 395(14KB) AllocSpace objects, 0(0B) LOS objects, 39% free, 3MB/5MB, paused 63us total 2.225ms
I/art     (   92): Explicit concurrent mark sweep GC freed 1173(40KB) AllocSpace objects, 0(0B) LOS objects, 40% free, 3MB/5MB, paused 66us total 2.636ms
I/art     (   92): Explicit concurrent mark sweep GC freed 1504(50KB) AllocSpace objects, 0(0B) LOS objects, 39% free, 3MB/5MB, paused 65us total 2.315ms
I/art     (   92): Explicit concurrent mark sweep GC freed 1374(48KB) AllocSpace objects, 0(0B) LOS objects, 39% free, 3MB/5MB, paused 63us total 1.951ms
I/art     (   92): Explicit concurrent mark sweep GC freed 209(11KB) AllocSpace objects, 0(0B) LOS objects, 39% free, 3MB/5MB, paused 62us total 2.930ms
I/Zygote  (   92): ...preloaded 430 resources in 261ms.
I/art     (   92): Explicit concurrent mark sweep GC freed 256(16KB) AllocSpace objects, 0(0B) LOS objects, 39% free, 3MB/6MB, paused 65us total 2.412ms
I/Zygote  (   92): ...preloaded 41 resources in 6ms.
I/art     (   92): Counter: 0
I/Zygote  (   92): Preloading shared libraries...
D/Zygote  (   92): end preload
I/art     (   92): Explicit concurrent mark sweep GC freed 403(20KB) AllocSpace objects, 0(0B) LOS objects, 40% free, 3MB/6MB, paused 64us total 2.553ms
I/art     (   92): Explicit concurrent mark sweep GC freed 217(8KB) AllocSpace objects, 0(0B) LOS objects, 40% free, 3MB/5MB, paused 67us total 2.193ms
I/art     (   92): Explicit concurrent mark sweep GC freed 5(160B) AllocSpace objects, 0(0B) LOS objects, 40% free, 3MB/5MB, paused 62us total 2.158ms
I/Zygote  (   92): System server process 434 has been created
I/Zygote  (   92): Accepting command socket connections
I/InstallerConnection(  434): disconnecting...
I/SystemServer(  434): Entered the Android system server!
V/Fingerprint-JNI(  434): FingerprintManager JNI ready.
D/SensorService(  434): nuSensorService starting...
D/SensorService(  434): nuSensorService thread starting...
D/SensorService(  434): new thread SensorEventAckReceiver
I/SystemServiceManager(  434): Starting com.android.server.pm.Installer
I/Installer(  434): Waiting for installd to be ready.
I/InstallerConnection(  434): connecting...
I/installd(   89): new connection
I/SystemServiceManager(  434): Starting com.android.server.am.ActivityManagerService$Lifecycle
I/ActivityManager(  434): Memory class: 96
I/ServiceThread(  434): Enabled StrictMode logging for ActivityManager looper.
I/IntentFirewall(  434): Read new rules (A:0 B:0 S:0)
I/ServiceThread(  434): Enabled StrictMode logging for android.ui looper.
I/ServiceThread(  434): Enabled StrictMode logging for android.display looper.
D/AppOps  (  434): AppOpsService published
I/SystemServiceManager(  434): Starting com.android.server.power.PowerManagerService
I/CameraService(   88): CameraService started (pid=88)
I/ServiceThread(  434): Enabled StrictMode logging for PowerManagerService looper.
W/libsuspend(  434): Error writing 'on' to /sys/power/state: Invalid argument
I/libsuspend(  434): Selected autosleep
I/SystemServiceManager(  434): Starting com.android.server.display.DisplayManagerService
I/SystemServiceManager(  434): Starting phase 100
I/ServiceManager(  434): Waiting for service SurfaceFlinger...
V/EmulatedCamera_GenyCamera(   88): Initialize:
V/EmulatedCamera_GenyCamera(   88):    initializing back camera on local srv port 24801
V/EmulatedCamera_GenyDevice(   88): Initialize: Connected to the emulated camera service 'back'
V/EmulatedCamera_Device(   88): initializeWhiteBalanceModes with auto, 1.000000, 1.000000
V/EmulatedCamera_Device(   88): initializeWhiteBalanceModes with incandescent, 1.380000, 0.600000
V/EmulatedCamera_Device(   88): initializeWhiteBalanceModes with daylight, 1.090000, 0.920000
V/EmulatedCamera_Device(   88): initializeWhiteBalanceModes with twilight, 0.920000, 1.220000
V/EmulatedCamera_Device(   88): setWhiteBalanceMode with white balance auto
V/EmulatedCamera_GenyCamera(   88): getCameraOrientation: camera orientation set to 90
V/EmulatedCamera_GenyCamera(   88): Initialize: Geny camera back is initialized. Current frame is 640x480
V/EmulatedCamera_GenyCamera(   88): Initialize:
V/EmulatedCamera_GenyCamera(   88):    initializing front camera on local srv port 24811
V/EmulatedCamera_GenyDevice(   88): Initialize: Connected to the emulated camera service 'front'
V/EmulatedCamera_Device(   88): initializeWhiteBalanceModes with auto, 1.000000, 1.000000
V/EmulatedCamera_Device(   88): initializeWhiteBalanceModes with incandescent, 1.380000, 0.600000
V/EmulatedCamera_Device(   88): initializeWhiteBalanceModes with daylight, 1.090000, 0.920000
V/EmulatedCamera_Device(   88): initializeWhiteBalanceModes with twilight, 0.920000, 1.220000
V/EmulatedCamera_Device(   88): setWhiteBalanceMode with white balance auto
V/EmulatedCamera_GenyCamera(   88): getCameraOrientation: camera orientation set to 90
V/EmulatedCamera_GenyCamera(   88): Initialize: Geny camera front is initialized. Current frame is 640x480
I/CameraService(   88): Loaded "Emulated Camera Module" camera module
I/AudioPolicyService(   88): AudioPolicyService CSTOR in new mode
I/AudioPolicyManager(   88): loadAudioPolicyConfig() loaded /system/etc/audio_policy.conf
I/AudioFlinger(   88): loadHwModule() Loaded primary audio interface from Genymotion audio HW HAL (audio) handle 1
I/genymotion_audio(   88): Starting pcm server
I/genymotion_audio(   88): out sampling rate 44100
I/AudioFlinger(   88): HAL output buffer size 880 frames, normal sink buffer size 1056 frames
I/AudioMixer(   88): found effect "Multichannel Downmix To Stereo" from The Android Open Source Project
E/MonoPipe(   88): Failed to fetch local time frequency when constructing a MonoPipe (res = -32).  getNextWriteTimestamp calls will be non-functional
D/        (   82): Socket deconnection
D/Genyd   (   82): Received Get Capabilities
D/Sensors (  434): Client connection accepted (53)
D/        (   82): Socket deconnection
D/Genyd   (   82): Received Get GenymotionVersion
D/Genymotion(   82): Received Get GenymotionVersion
I/ServiceManager(  434): Waiting for service SurfaceFlinger...
D/        (  240): HostConnection::get() New Host Connection established 0xb701a1d0, tid 240
E/SurfaceFlinger(  240): hwcomposer module not found
W/SurfaceFlinger(  240): no suitable EGLConfig found, trying a simpler query
I/SurfaceFlinger(  240): EGL information:
I/SurfaceFlinger(  240): vendor    : Android
I/SurfaceFlinger(  240): version   : 1.4 Android META-EGL
I/SurfaceFlinger(  240): extensions: EGL_KHR_get_all_proc_addresses EGL_ANDROID_presentation_time EGL_KHR_image_base EGL_KHR_fence_sync EGL_ANDROID_image_native_buffer 
I/SurfaceFlinger(  240): Client API: OpenGL_ES
I/SurfaceFlinger(  240): EGLSurface: 8-8-8-8, config=0x1
I/SurfaceFlinger(  240): OpenGL ES informations:
I/SurfaceFlinger(  240): vendor    : Google (NVIDIA Corporation)
I/SurfaceFlinger(  240): renderer  : Android Emulator OpenGL ES Translator (NVIDIA GeForce GT 750M OpenGL Engine)
I/SurfaceFlinger(  240): version   : OpenGL ES 2.0 (2.1 NVIDIA-10.2.1 310.41.15f01)
I/SurfaceFlinger(  240): extensions: GL_EXT_debug_marker GL_OES_EGL_image GL_OES_depth24 GL_OES_depth32 GL_OES_element_index_uint GL_OES_texture_float GL_OES_texture_float_linear GL_OES_compressed_paletted_texture GL_OES_compressed_ETC1_RGB8_texture GL_OES_depth_texture GL_OES_texture_half_float GL_OES_texture_half_float_linear GL_OES_packed_depth_stencil GL_OES_vertex_half_float 
I/SurfaceFlinger(  240): GL_MAX_TEXTURE_SIZE = 16384
I/SurfaceFlinger(  240): GL_MAX_VIEWPORT_DIMS = 16384
D/SurfaceFlinger(  240): setOrientation, mFbdev=0xb708a0c0, mFbDev->setOrientation=0xb69b2cd0, orientation=0
I/gralloc_vbox86(  240): setOrientation: orientation=0
D/SurfaceFlinger(  240): Set power mode=2, type=0 flinger=0xb705e000
D/SurfaceFlinger(  240): shader cache generated - 24 shaders in 408.428741 ms
D/libEGL  (  500): loaded /system/lib/egl/libEGL_emulation.so
D/libEGL  (  500): loaded /system/lib/egl/libGLESv1_CM_emulation.so
D/libEGL  (  500): loaded /system/lib/egl/libGLESv2_emulation.so
D/        (  500): HostConnection::get() New Host Connection established 0xb5f08100, tid 503
D/        (  240): HostConnection::get() New Host Connection established 0xb6a0e050, tid 296
I/DisplayManagerService(  434): Display device added: DisplayDeviceInfo{"Built-in Screen": 720 x 1280, 60.000004 fps, supportedRefreshRates [60.000004], density 160, 160.0 x 160.0 dpi, appVsyncOff 0, presDeadline 17666666, touch INTERNAL, rotation 0, type BUILT_IN, state UNKNOWN, FLAG_DEFAULT_DISPLAY, FLAG_ROTATES_WITH_CONTENT, FLAG_SECURE, FLAG_SUPPORTS_PROTECTED_BUFFERS}
W/art     (  434): Long monitor contention event with owner method=void com.android.server.display.LocalDisplayAdapter.<clinit>() from LocalDisplayAdapter.java:44 waiters=0 for 2.007s
I/SystemServer(  434): Package Manager
D/        (  240): HostConnection::get() New Host Connection established 0xb6c0e0b0, tid 293
W/SystemConfig(  434): No directory /system/etc/sysconfig, skipping
D/SELinuxMMAC(  434): Using policy file /system/etc/security/mac_permissions.xml
D/PackageManager(  434): No files in app dir /vendor/overlay
W/ResourceType(  434): Failure getting entry for 0x7f0b01e9 (t=10 e=489) (error -75)
W/PackageParser(  434): No actions in intent filter at /system/priv-app/Contacts/Contacts.apk Binary XML file line #355
W/PackageParser(  434): No actions in intent filter at /system/priv-app/Dialer/Dialer.apk Binary XML file line #165
W/ResourceType(  434): Failure getting entry for 0x7f08025b (t=7 e=603) (error -75)
W/PackageParser(  434): No actions in intent filter at /system/app/Bluetooth/Bluetooth.apk Binary XML file line #209
W/PackageParser(  434): No actions in intent filter at /system/app/CMFileManager/CMFileManager.apk Binary XML file line #127
W/PackageParser(  434): Unknown element under <application>: permission at /system/app/Gallery2/Gallery2.apk Binary XML file line #242
W/PackageParser(  434): Unknown element under <application>: permission at /system/app/Gallery2/Gallery2.apk Binary XML file line #245
I/PackageManager(  434): /system/app/OOBE_mx.apk changed; collecting certs
W/PackageManager(  434): Package com.amlogic.OOBE at /system/app/OOBE_mx.apk reverting from /data/app/com.amlogic.OOBE-1: new version 1 better than installed 1
I/PackageManager(  434): Package com.amlogic.OOBE codePath changed from /data/app/com.amlogic.OOBE-1 to /system/app/OOBE_mx.apk; Retaining data and using new
W/PackageManager(  434): Package com.amlogic.OOBE shared user changed from <nothing> to android.uid.system; replacing with new
W/PackageManager(  434): Failed to parse /system/app/OOBE_mx.apk: Signature mismatch for shared user : SharedUserSetting{2bae9934 android.uid.system/1000}
D/PackageManager(  434): No files in app dir /system/vendor/app
D/PackageManager(  434): No files in app dir /oem/app
W/PackageParser(  434): No actions in intent filter at /data/app/ApiDemos/ApiDemos.apk Binary XML file line #3027
W/PackageParser(  434): No actions in intent filter at /data/app/ApiDemos/ApiDemos.apk Binary XML file line #3033
W/PackageManager(  434): Package com.example.android.apis desires unavailable shared library com.example.will.never.exist; ignoring!
D/PackageManager(  434): No files in app dir /data/app-private
W/PackageManager(  434): Package com.android.gallery3d desires unavailable shared library com.google.android.media.effects; ignoring!
W/PackageManager(  434): Package com.android.gallery3d desires unavailable shared library com.google.android.media.effects; ignoring!
W/PackageManager(  434): Package com.example.android.apis desires unavailable shared library com.example.will.never.exist; ignoring!
I/PackageManager(  434): Adjusting ABI for : com.android.settings to x86
I/PackageManager(  434): Adjusting ABI for : com.android.location.fused to x86
I/PackageManager(  434): Adjusting ABI for : com.android.keychain to x86
I/PackageManager(  434): Adjusting ABI for : com.android.providers.settings to x86
I/PackageManager(  434): Adjusting ABI for : com.android.inputdevices to x86
I/PackageManager(  434): Time to scan packages: 1.57 seconds
W/PackageManager(  434): Unknown permission com.google.android.tv.mediadevices.permission.MEDIA_DEVICES_CLIENT in package mx.com.dish.aio.android.client
W/PackageManager(  434): Unknown permission com.marvell.tv.mediadevices.permission.READ_MEDIA in package mx.com.dish.aio.android.client
W/PackageManager(  434): Unknown permission com.marvell.tv.mediadevices.permission.WRITE_MEDIA in package mx.com.dish.aio.android.client
W/PackageManager(  434): Unknown permission com.google.android.googleapps.permission.GOOGLE_AUTH.mail in package com.android.calendar
W/PackageManager(  434): Unknown permission com.cyanogenmod.filemanager.permissions.READ_THEME in package com.cyanogenmod.filemanager
W/PackageManager(  434): Unknown permission com.google.android.gallery3d.permission.PICASA_STORE in package com.android.dreams.phototable
W/PackageManager(  434): Unknown permission com.google.android.tv.mediadevices.permission.MEDIA_DEVICES_CLIENT in package tv.aio.android.client
W/PackageManager(  434): Unknown permission com.marvell.tv.mediadevices.permission.READ_MEDIA in package tv.aio.android.client
W/PackageManager(  434): Unknown permission com.marvell.tv.mediadevices.permission.WRITE_MEDIA in package tv.aio.android.client
W/PackageManager(  434): Unknown permission com.google.android.googleapps.permission.GOOGLE_AUTH in package com.android.settings
W/PackageManager(  434): Unknown permission com.android.launcher.permission.READ_SETTINGS in package com.android.settings
W/PackageManager(  434): Unknown permission com.android.launcher.permission.WRITE_SETTINGS in package com.android.settings
W/PackageManager(  434): Not granting permission android.permission.DELETE_PACKAGES to package com.svox.pico (protectionLevel=18 flags=0x8be45)
W/PackageManager(  434): Not granting permission android.permission.BIND_WALLPAPER to package com.android.camera2 (protectionLevel=18 flags=0x58bc45)
W/PackageManager(  434): Unknown permission com.google.android.gallery3d.permission.GALLERY_PROVIDER in package com.android.bluetooth
W/PackageManager(  434): Unknown permission com.android.launcher.permission.READ_SETTINGS in package com.android.onetimeinitializer
W/PackageManager(  434): Unknown permission com.android.launcher.permission.WRITE_SETTINGS in package com.android.onetimeinitializer
W/PackageManager(  434): Not granting permission android.permission.BIND_APPWIDGET to package com.android.launcher3 (protectionLevel=18 flags=0x483e45)
W/PackageManager(  434): Unknown permission com.android.launcher.permission.READ_SETTINGS in package com.android.launcher3
W/PackageManager(  434): Unknown permission com.android.launcher.permission.WRITE_SETTINGS in package com.android.launcher3
W/PackageManager(  434): Unknown permission com.google.android.tv.mediadevices.permission.MEDIA_DEVICES_CLIENT in package com.midcontinent.android.client
W/PackageManager(  434): Unknown permission com.marvell.tv.mediadevices.permission.READ_MEDIA in package com.midcontinent.android.client
W/PackageManager(  434): Unknown permission com.marvell.tv.mediadevices.permission.WRITE_MEDIA in package com.midcontinent.android.client
W/PackageManager(  434): Not granting permission android.permission.DEVICE_POWER to package com.android.deskclock (protectionLevel=2 flags=0x48be45)
W/PackageManager(  434): Not granting permission android.permission.GLOBAL_SEARCH to package com.android.quicksearchbox (protectionLevel=18 flags=0x8be45)
W/PackageManager(  434): Unknown permission com.google.android.googleapps.permission.GOOGLE_AUTH in package com.android.providers.calendar
W/PackageManager(  434): Unknown permission com.google.android.googleapps.permission.GOOGLE_AUTH.cl in package com.android.providers.calendar
W/PackageManager(  434): Unknown permission android.permission.INSTALL_DRM in package com.android.mms
W/PackageManager(  434): Not granting permission android.permission.ACCESS_DOWNLOAD_MANAGER to package com.android.browser (protectionLevel=18 flags=0x9be45)
W/PackageManager(  434): Not granting permission android.permission.SEND_DOWNLOAD_COMPLETED_INTENTS to package com.android.browser (protectionLevel=2 flags=0x9be45)
W/PackageManager(  434): Unknown permission com.google.android.googleapps.permission.ACCESS_GOOGLE_PASSWORD in package com.android.development
W/PackageManager(  434): Unknown permission com.google.android.googleapps.permission.GOOGLE_AUTH in package com.android.development
W/PackageManager(  434): Unknown permission com.google.android.googleapps.permission.GOOGLE_AUTH.ALL_SERVICES in package com.android.development
W/PackageManager(  434): Unknown permission com.google.android.googleapps.permission.GOOGLE_AUTH.YouTubeUser in package com.android.development
W/PackageSettings(  434): Skipping PackageSetting{215c3c4f com.amlogic.OOBE/10065} due to missing metadata
I/art     (  434): Explicit concurrent mark sweep GC freed 8669(609KB) AllocSpace objects, 2(32KB) LOS objects, 33% free, 4MB/6MB, paused 246us total 6.447ms
I/SystemServer(  434): User Service
I/lowmemorykiller(  237): ActivityManager connected
I/SystemServiceManager(  434): Starting com.android.server.lights.LightsService
I/SystemServiceManager(  434): Starting com.android.server.BatteryService
I/SystemServiceManager(  434): Starting com.android.server.usage.UsageStatsService
I/SystemServiceManager(  434): Starting com.android.server.webkit.WebViewUpdateService
I/SystemServer(  434): Reading configuration...
I/SystemServer(  434): Scheduling Policy
I/SystemServer(  434): Telephony Registry
I/SystemServer(  434): Entropy Mixer
I/EntropyMixer(  434): Writing entropy...
I/SystemServer(  434): Account Manager
I/SystemServer(  434): Content Manager
I/SystemServer(  434): System Content Providers
W/ActivityManager(  434): Can't addPackageDependency on system process
W/CoreSettingsObserver(  434): Cannot find setting "debug_view_attributes"
W/CoreSettingsObserver(  434): android.provider.Settings$SettingNotFoundException: debug_view_attributes
W/CoreSettingsObserver(  434): 	at android.provider.Settings$Global.getInt(Settings.java:6748)
W/CoreSettingsObserver(  434): 	at com.android.server.am.CoreSettingsObserver.populateSettings(CoreSettingsObserver.java:129)
W/CoreSettingsObserver(  434): 	at com.android.server.am.CoreSettingsObserver.sendCoreSettings(CoreSettingsObserver.java:82)
W/CoreSettingsObserver(  434): 	at com.android.server.am.CoreSettingsObserver.<init>(CoreSettingsObserver.java:65)
W/CoreSettingsObserver(  434): 	at com.android.server.am.ActivityManagerService.installSystemProviders(ActivityManagerService.java:9849)
W/CoreSettingsObserver(  434): 	at com.android.server.SystemServer.startOtherServices(SystemServer.java:454)
W/CoreSettingsObserver(  434): 	at com.android.server.SystemServer.run(SystemServer.java:258)
W/CoreSettingsObserver(  434): 	at com.android.server.SystemServer.main(SystemServer.java:172)
W/CoreSettingsObserver(  434): 	at java.lang.reflect.Method.invoke(Native Method)
W/CoreSettingsObserver(  434): 	at java.lang.reflect.Method.invoke(Method.java:372)
W/CoreSettingsObserver(  434): 	at com.android.internal.os.ZygoteInit$MethodAndArgsCaller.run(ZygoteInit.java:899)
W/CoreSettingsObserver(  434): 	at com.android.internal.os.ZygoteInit.main(ZygoteInit.java:694)
I/SystemServer(  434): Vibrator Service
I/SystemServer(  434): Consumer IR Service
E/ConsumerIrService(  434): Can't open consumer IR HW Module, error: -2
I/SystemServiceManager(  434): Starting com.android.server.AlarmManagerService
I/SystemServer(  434): Init Watchdog
I/SystemServer(  434): Input Manager
I/InputManager(  434): Initializing input manager, mUseDevInputEventForAudioJack=false
I/SystemServer(  434): Window Manager
I/WindowManager(  434): No existing display settings /data/system/display_settings.xml; starting empty
D/PermissionCache(  240): checking android.permission.ACCESS_SURFACE_FLINGER for uid=1000 => granted (1468 us)
I/InputManager(  434): Starting input manager
I/SystemServer(  434): No Bluetooh Service (emulator)
I/SystemServer(  434): Input Method Service
W/InputMethodManagerService(  434): Couldn't create dir.: /data/system/inputmethod
W/EventHub(  434): Unable to disable kernel key repeat for /dev/input/event5: Function not implemented
I/EventHub(  434): Virtual keyboard mode is |0] [0]
I/EventHub(  434): Virtual keyboard is set to "Hardware keyboard"
I/EventHub(  434): New device: id=1, fd=77, path='/dev/input/event5', name='Genymotion Virtual Input', classes=0x37, configuration='/system/usr/idc/Genymotion_Virtual_Input.idc', keyLayout='/system/usr/keylayout/Genymotion_Virtual_Input.kl', keyCharacterMap='/system/usr/keychars/Generic.kcm', builtinKeyboard=false, wakeMechanism=EPOLLWAKEUP, usingClockIoctl=true
E/EventHub(  434): could not get driver version for /dev/input/mouse1, Not a typewriter
I/SystemServer(  434): Accessibility Manager
I/ActivityManager(  434): Config changes=1df8 {1.0 ?mcc?mnc en_CA ldltr sw720dp w720dp h1280dp 160dpi xlrg long port ?uimode ?night -touch -keyb/v/h -nav/h s.2}
I/UsageStatsService(  434): User[0] Rollover scheduled @ 2015-04-30 00:00:00(1430352000000)
I/UsageStatsService(  434): User[0] Rolling over usage stats
I/UsageStatsService(  434): User[0] Flushing usage stats to disk
D/EventHub(  434): No input device configuration file found for device 'Genymotion via VirtualBox seamless mouse'.
I/UsageStatsService(  434): User[0] Rollover scheduled @ 2015-05-04 00:00:00(1430697600000)
I/UsageStatsService(  434): User[0] Rolling over usage stats complete. Took 20 milliseconds
D/SurfaceFlinger(  240): setOrientation, mFbdev=0xb708a0c0, mFbDev->setOrientation=0xb69b2cd0, orientation=0
I/gralloc_vbox86(  240): setOrientation: orientation=0
I/ActivityManager(  434): Config changes=500 {1.0 ?mcc?mnc en_CA ldltr sw720dp w720dp h1207dp 160dpi lrg long port ?uimode ?night -touch -keyb/v/h -nav/h s.3}
I/SystemServer(  434): Mount Service
D/MountService(  434): got storage path: /mnt/sdcard description: Internal storage primary: true removable: false emulated: true mtpReserve: 100 allowMassStorage: false maxFileSize: 0
D/MountService(  434): addVolumeLocked() StorageVolume:
D/MountService(  434):     mStorageId=65537 mPath=/storage/emulated/0 mDescriptionId=17040782 
D/MountService(  434):     mPrimary=true mRemovable=false mEmulated=true mMtpReserveSpace=100 
D/MountService(  434):     mAllowMassStorage=false mMaxFileSize=0 mOwner=UserHandle{0} mUuid=null 
D/MountService(  434):     mUserLabel=null mState=null 
I/SystemServer(  434): LockSettingsService
I/SystemServiceManager(  434): Starting com.android.server.devicepolicy.DevicePolicyManagerService$Lifecycle
I/SystemServer(  434): Status Bar
I/SystemServer(  434): Clipboard Service
I/PackageManager(  434): No secure containers found
W/PackageManager(  434): Unknown permission com.google.android.tv.mediadevices.permission.MEDIA_DEVICES_CLIENT in package mx.com.dish.aio.android.client
W/PackageManager(  434): Unknown permission com.marvell.tv.mediadevices.permission.READ_MEDIA in package mx.com.dish.aio.android.client
W/PackageManager(  434): Unknown permission com.marvell.tv.mediadevices.permission.WRITE_MEDIA in package mx.com.dish.aio.android.client
W/PackageManager(  434): Unknown permission com.google.android.googleapps.permission.GOOGLE_AUTH.mail in package com.android.calendar
W/PackageManager(  434): Unknown permission com.cyanogenmod.filemanager.permissions.READ_THEME in package com.cyanogenmod.filemanager
W/PackageManager(  434): Unknown permission com.google.android.gallery3d.permission.PICASA_STORE in package com.android.dreams.phototable
W/PackageManager(  434): Unknown permission com.google.android.tv.mediadevices.permission.MEDIA_DEVICES_CLIENT in package tv.aio.android.client
W/PackageManager(  434): Unknown permission com.marvell.tv.mediadevices.permission.READ_MEDIA in package tv.aio.android.client
W/PackageManager(  434): Unknown permission com.marvell.tv.mediadevices.permission.WRITE_MEDIA in package tv.aio.android.client
W/PackageManager(  434): Unknown permission com.google.android.googleapps.permission.GOOGLE_AUTH in package com.android.settings
W/PackageManager(  434): Unknown permission com.android.launcher.permission.READ_SETTINGS in package com.android.settings
W/PackageManager(  434): Unknown permission com.android.launcher.permission.WRITE_SETTINGS in package com.android.settings
W/PackageManager(  434): Not granting permission android.permission.DELETE_PACKAGES to package com.svox.pico (protectionLevel=18 flags=0x8be45)
W/PackageManager(  434): Not granting permission android.permission.BIND_WALLPAPER to package com.android.camera2 (protectionLevel=18 flags=0x58bc45)
W/PackageManager(  434): Unknown permission com.google.android.gallery3d.permission.GALLERY_PROVIDER in package com.android.bluetooth
W/PackageManager(  434): Unknown permission com.android.launcher.permission.READ_SETTINGS in package com.android.onetimeinitializer
W/PackageManager(  434): Unknown permission com.android.launcher.permission.WRITE_SETTINGS in package com.android.onetimeinitializer
W/PackageManager(  434): Not granting permission android.permission.BIND_APPWIDGET to package com.android.launcher3 (protectionLevel=18 flags=0x483e45)
W/PackageManager(  434): Unknown permission com.android.launcher.permission.READ_SETTINGS in package com.android.launcher3
I/SystemServer(  434): NetworkManagement Service
W/PackageManager(  434): Unknown permission com.android.launcher.permission.WRITE_SETTINGS in package com.android.launcher3
W/PackageManager(  434): Unknown permission com.google.android.tv.mediadevices.permission.MEDIA_DEVICES_CLIENT in package com.midcontinent.android.client
W/PackageManager(  434): Unknown permission com.marvell.tv.mediadevices.permission.READ_MEDIA in package com.midcontinent.android.client
W/PackageManager(  434): Unknown permission com.marvell.tv.mediadevices.permission.WRITE_MEDIA in package com.midcontinent.android.client
W/PackageManager(  434): Not granting permission android.permission.DEVICE_POWER to package com.android.deskclock (protectionLevel=2 flags=0x48be45)
W/PackageManager(  434): Not granting permission android.permission.GLOBAL_SEARCH to package com.android.quicksearchbox (protectionLevel=18 flags=0x8be45)
W/PackageManager(  434): Unknown permission com.google.android.googleapps.permission.GOOGLE_AUTH in package com.android.providers.calendar
W/PackageManager(  434): Unknown permission com.google.android.googleapps.permission.GOOGLE_AUTH.cl in package com.android.providers.calendar
W/PackageManager(  434): Unknown permission android.permission.INSTALL_DRM in package com.android.mms
W/PackageManager(  434): Not granting permission android.permission.ACCESS_DOWNLOAD_MANAGER to package com.android.browser (protectionLevel=18 flags=0x9be45)
W/PackageManager(  434): Not granting permission android.permission.SEND_DOWNLOAD_COMPLETED_INTENTS to package com.android.browser (protectionLevel=2 flags=0x9be45)
W/PackageManager(  434): Unknown permission com.google.android.googleapps.permission.ACCESS_GOOGLE_PASSWORD in package com.android.development
W/PackageManager(  434): Unknown permission com.google.android.googleapps.permission.GOOGLE_AUTH in package com.android.development
W/PackageManager(  434): Unknown permission com.google.android.googleapps.permission.GOOGLE_AUTH.ALL_SERVICES in package com.android.development
W/PackageManager(  434): Unknown permission com.google.android.googleapps.permission.GOOGLE_AUTH.YouTubeUser in package com.android.development
I/SystemServer(  434): Text Service Manager Service
W/PackageSettings(  434): Skipping PackageSetting{215c3c4f com.amlogic.OOBE/10065} due to missing metadata
E/EventHub(  434): could not get driver version for /dev/input/mouse0, Not a typewriter
I/SystemServer(  434): Network Score Service
I/SystemServer(  434): NetworkStats Service
I/SystemServer(  434): NetworkPolicy Service
I/SystemServiceManager(  434): Starting com.android.server.wifi.p2p.WifiP2pService
I/WifiP2pService(  434): Registering wifip2p
I/SystemServiceManager(  434): Starting com.android.server.wifi.WifiService
I/EventHub(  434): ignoring event id /dev/input/event3 driver VirtualBox mouse integration
D/EventHub(  434): No input device configuration file found for device 'Sleep Button'.
W/EventHub(  434): Unable to disable kernel key repeat for /dev/input/event1: Function not implemented
I/EventHub(  434): Virtual keyboard mode is |0] [0]
I/EventHub(  434): Virtual keyboard is set to "Hardware keyboard"
I/EventHub(  434): New device: id=3, fd=82, path='/dev/input/event1', name='Sleep Button', classes=0x1, configuration='', keyLayout='/system/usr/keylayout/Generic.kl', keyCharacterMap='/system/usr/keychars/Generic.kcm', builtinKeyboard=false, wakeMechanism=EPOLLWAKEUP, usingClockIoctl=true
D/EventHub(  434): No input device configuration file found for device 'Power Button'.
W/EventHub(  434): Unable to disable kernel key repeat for /dev/input/event0: Function not implemented
I/EventHub(  434): Virtual keyboard mode is |0] [0]
I/EventHub(  434): Virtual keyboard is set to "Hardware keyboard"
I/EventHub(  434): New device: id=4, fd=93, path='/dev/input/event0', name='Power Button', classes=0x1, configuration='', keyLayout='/system/usr/keylayout/Generic.kl', keyCharacterMap='/system/usr/keychars/Generic.kcm', builtinKeyboard=false, wakeMechanism=EPOLLWAKEUP, usingClockIoctl=true
D/EventHub(  434): No input device configuration file found for device 'AT Translated Set 2 keyboard'.
E/KeyLayoutMap(  434): /system/usr/keylayout/Vendor_0001_Product_0001.kl:138: Expected key flag label, got 'WAKE'.
I/EventHub(  434): Virtual keyboard mode is |0] [0]
I/EventHub(  434): Virtual keyboard is set to "Hardware keyboard"
I/EventHub(  434): New device: id=5, fd=94, path='/dev/input/event2', name='AT Translated Set 2 keyboard', classes=0x3, configuration='', keyLayout='/system/usr/keylayout/Generic.kl', keyCharacterMap='/system/usr/keychars/Generic.kcm', builtinKeyboard=false, wakeMechanism=EPOLLWAKEUP, usingClockIoctl=true
E/EventHub(  434): could not get driver version for /dev/input/mice, Not a typewriter
E/WifiConfigStore(  434): associatedPartialScanPeriodMilli set to 20000
D/WifiController(  434): isAirplaneModeOn = false, isWifiEnabled = true, isScanningAvailable = false
I/WifiService(  434): Registering wifi
I/SystemServiceManager(  434): Starting com.android.server.wifi.WifiScanningService
I/WifiScanningService(  434): Creating wifiscanner
I/WifiScanningService(  434): Starting wifiscanner
I/SystemServiceManager(  434): Starting com.android.server.wifi.RttService
I/RttService(  434): Creating rttmanager
I/RttService(  434): Starting rttmanager
I/SystemServer(  434): Connectivity Service
D/ConnectivityService(  434): ConnectivityService starting up
D/ConnectivityService(  434): wifiOnly=false
I/SystemServer(  434): Network Service Discovery Service
D/NsdService(  434): Network service discovery enabled true
I/SystemServer(  434): UpdateLock Service
I/AudioFlinger(   88): Using module 1 has the primary audio interface
I/AudioFlinger(   88): AudioFlinger's thread 0xb3a01000 ready to run
I/AudioFlinger(   88): AudioFlinger's thread 0xb3a83000 ready to run
E/SoundTriggerHwService(   88): couldn't load sound trigger module sound_trigger.primary (No such file or directory)
I/InputReader(  434): Device added: id=-1, name='Virtual', sources=0x00000301
I/InputReader(  434): Device added: id=5, name='AT Translated Set 2 keyboard', sources=0x00000101
I/SystemServiceManager(  434): Starting com.android.server.notification.NotificationManagerService
I/InputReader(  434): Device added: id=4, name='Power Button', sources=0x00000101
I/InputReader(  434): Device added: id=3, name='Sleep Button', sources=0x00000101
I/InputReader(  434):   Touch device 'Genymotion Virtual Input' could not query the properties of its associated display.  The device will be inoperable until the display size becomes available.
I/InputReader(  434): Device added: id=1, name='Genymotion Virtual Input', sources=0x00001303
I/InputReader(  434): Reconfiguring input devices.  changes=0x00000004
I/InputReader(  434): Device reconfigured: id=1, name='Genymotion Virtual Input', size 720x1280, orientation 0, mode 1, display id 0
I/ActivityManager(  434): Config changes=78 {1.0 ?mcc?mnc en_CA ldltr sw720dp w720dp h1207dp 160dpi lrg long port ?uimode ?night finger qwerty/v/v dpad/v s.4}
I/SystemServiceManager(  434): Starting com.android.server.storage.DeviceStorageMonitorService
I/SystemServer(  434): Location Manager
I/SystemServer(  434): Country Detector
I/SystemServer(  434): Search Service
I/SystemServer(  434): DropBox Service
I/SystemServer(  434): Wallpaper Service
I/SystemServer(  434): Audio Service
W/TelecomManager(  434): Telecom Service not found.
I/SystemServiceManager(  434): Starting com.android.server.DockObserver
W/DockObserver(  434): This kernel does not have dock station support
I/SystemServer(  434): Wired Accessory Manager
W/WiredAccessoryManager(  434): This kernel does not have wired headset support
W/WiredAccessoryManager(  434): This kernel does not have usb audio support
W/WiredAccessoryManager(  434): This kernel does not have HDMI audio support
I/SystemServiceManager(  434): Starting com.android.server.usb.UsbService$Lifecycle
I/SystemServer(  434): Serial Service
I/SystemServiceManager(  434): Starting com.android.server.twilight.TwilightService
I/SystemServiceManager(  434): Starting com.android.server.UiModeManagerService
I/SystemServiceManager(  434): Starting com.android.server.job.JobSchedulerService
I/SystemServiceManager(  434): Starting com.android.server.backup.BackupManagerService$Lifecycle
V/BackupManagerService(  434): No ancestral data
D/BackupManagerService(  434): Now staging backup of com.android.calendar
D/BackupManagerService(  434): Now staging backup of com.android.dialer
D/BackupManagerService(  434): Now staging backup of com.android.providers.userdictionary
D/BackupManagerService(  434): Now staging backup of com.android.sharedstoragebackup
D/BackupManagerService(  434): Now staging backup of com.android.providers.settings
D/BackupManagerService(  434): Now staging backup of android
D/BackupManagerService(  434): Now staging backup of com.android.browser
